the seal starts 2023-09-01. A source is BACKFILLABLE only if it serves dates earlier than that, free.

source                    what was asked            what came back
----------------------------------------------------------------------------------------------------
economic_calendar         this week only            thisweek.jso=200  lastweek.jso=404  nextweek.jso=404  2020-01-06.j=404
fear_greed_data           no parameter              250 points, oldest 2025-09-08
fear_greed_data           ?start=2011               250 points, oldest 2025-09-08
fear_greed_data           /2011 (path form)         HTTP 500
google_news               search feed               100 items, oldest 2026-05-15
sociological_sentiment    subreddit feed            26 items, oldest 2026-09-01
2026-09-08 05:33:57,991 - ProjectLogger - INFO - Logging configured. Level: INFO. Path: logs
2026-09-08 05:33:58,081 - PathSafety - INFO - PathSafety initialized with 6 allowed roots
2026-09-08 05:33:58,081 - src.core.security.secure_secrets_manager - INFO - Environment configuration identified: D:\trading_project\.env
2026-09-08 05:33:58,081 - src.core.security.secure_secrets_manager - INFO - Successfully loaded 10 variables into the active environment.
2026-09-08 05:33:58,104 - FileManager - INFO - Loaded YAML from D:\trading_project\src\config\paths.yaml
2026-09-08 05:33:58,119 - FileManager - INFO - Loaded YAML from D:\trading_project\src\config\system.yaml
2026-09-08 05:33:58,123 - FileManager - INFO - Loaded YAML from D:\trading_project\src\config\version.yaml
2026-09-08 05:33:58,125 - FileManager - INFO - Loaded YAML from D:\trading_project\src\config\cloud_storage.yaml
2026-09-08 05:33:58,129 - FileManager - INFO - Loaded YAML from D:\trading_project\src\config\data_sources.yaml
2026-09-08 05:33:58,212 - FileManager - INFO - Loaded YAML from D:\trading_project\src\config\collectors.yaml
2026-09-08 05:33:58,223 - FileManager - INFO - Loaded YAML from D:\trading_project\src\config\features.yaml
2026-09-08 05:33:58,228 - FileManager - INFO - Loaded YAML from D:\trading_project\src\config\transformers.yaml
2026-09-08 05:33:58,246 - FileManager - INFO - Loaded YAML from D:\trading_project\src\config\enrichment.yaml
2026-09-08 05:33:58,263 - FileManager - INFO - Loaded YAML from D:\trading_project\src\config\noise_filter_config.yaml
2026-09-08 05:33:58,267 - FileManager - INFO - Loaded YAML from D:\trading_project\src\config\sentiment.yaml
2026-09-08 05:33:58,296 - FileManager - INFO - Loaded YAML from D:\trading_project\src\config\news_impact_classification.yaml
2026-09-08 05:33:58,317 - FileManager - INFO - Loaded YAML from D:\trading_project\src\config\models.yaml
2026-09-08 05:33:58,326 - FileManager - INFO - Loaded YAML from D:\trading_project\src\config\experiments.yaml
2026-09-08 05:33:58,345 - FileManager - INFO - Loaded YAML from D:\trading_project\src\config\analysis.yaml
2026-09-08 05:33:58,345 - FileManager - INFO - Loaded YAML from D:\trading_project\src\config\strategy.yaml
2026-09-08 05:33:58,366 - FileManager - INFO - Loaded YAML from D:\trading_project\src\config\risk_management.yaml
2026-09-08 05:33:58,366 - FileManager - INFO - Loaded YAML from D:\trading_project\src\config\simulation.yaml
2026-09-08 05:33:58,408 - FileManager - INFO - Loaded YAML from D:\trading_project\src\config\targets.yaml
2026-09-08 05:33:58,417 - FileManager - INFO - Loaded YAML from D:\trading_project\src\config\monitoring_config.yaml
2026-09-08 05:33:58,429 - FileManager - INFO - Loaded YAML from D:\trading_project\src\config\error_handling.yaml
2026-09-08 05:33:58,441 - FileManager - INFO - Loaded YAML from D:\trading_project\src\config\processing.yaml
2026-09-08 05:33:58,479 - FileManager - INFO - Loaded YAML from D:\trading_project\src\config\context.yaml
2026-09-08 05:33:58,505 - FileManager - INFO - Loaded YAML from D:\trading_project\src\config\knowledge_base.yaml
2026-09-08 05:33:58,513 - FileManager - INFO - Loaded YAML from D:\trading_project\src\config\generated_context_rules.yaml
2026-09-08 05:33:58,563 - FileManager - INFO - Loaded YAML from D:\trading_project\src\config\assets.yaml
2026-09-08 05:33:58,603 - FileManager - INFO - Loaded YAML from D:\trading_project\src\config\unified_config.yaml
2026-09-08 05:33:58,603 - UnifiedConfigManager - WARNING - Conflicting top-level key 'analysis' in unified_config.yaml. Previous source: analysis.yaml. Precedence given to latest.
2026-09-08 05:33:58,603 - UnifiedConfigManager - WARNING - Conflicting top-level key 'strategy' in unified_config.yaml. Previous source: risk_management.yaml. Precedence given to latest.
2026-09-08 05:33:58,615 - FileManager - INFO - Loaded YAML from D:\trading_project\src\config\pending_decisions.yaml
2026-09-08 05:33:58,615 - UnifiedConfigManager - INFO - Executing configuration compliance audit...
2026-09-08 05:33:58,615 - UnifiedConfigManager - INFO - Configuration audit verified. System is compliant.
2026-09-08 05:33:58,615 - UnifiedConfigManager - INFO - Synchronizing filesystem structure with configuration...
2026-09-08 05:33:58,619 - UnifiedConfigManager - INFO - Filesystem synchronization complete.
2026-09-08 05:33:58,629 - src.core.security.secure_secrets_manager - INFO - Environment configuration identified: D:\trading_project\.env
2026-09-08 05:33:58,629 - src.core.security.secure_secrets_manager - INFO - Successfully loaded 10 variables into the active environment.
2026-09-08 05:33:58,636 - UnifiedConfigManager - INFO - UnifiedConfigManager initialized for 'development' environment.
rss_news                  10/10 feeds answered      deepest reaches 2024-01-29 of 26 configured
2026-09-08 05:34:16,608 - FileManager - INFO - Loaded YAML from D:\trading_project\src\config\paths.yaml
2026-09-08 05:34:16,620 - FileManager - INFO - Loaded YAML from D:\trading_project\src\config\system.yaml
2026-09-08 05:34:16,620 - FileManager - INFO - Loaded YAML from D:\trading_project\src\config\version.yaml
2026-09-08 05:34:16,629 - FileManager - INFO - Loaded YAML from D:\trading_project\src\config\cloud_storage.yaml
2026-09-08 05:34:16,629 - FileManager - INFO - Loaded YAML from D:\trading_project\src\config\data_sources.yaml
2026-09-08 05:34:16,715 - FileManager - INFO - Loaded YAML from D:\trading_project\src\config\collectors.yaml
2026-09-08 05:34:16,735 - FileManager - INFO - Loaded YAML from D:\trading_project\src\config\features.yaml
2026-09-08 05:34:16,735 - FileManager - INFO - Loaded YAML from D:\trading_project\src\config\transformers.yaml
2026-09-08 05:34:16,765 - FileManager - INFO - Loaded YAML from D:\trading_project\src\config\enrichment.yaml
2026-09-08 05:34:16,783 - FileManager - INFO - Loaded YAML from D:\trading_project\src\config\noise_filter_config.yaml
2026-09-08 05:34:16,795 - FileManager - INFO - Loaded YAML from D:\trading_project\src\config\sentiment.yaml
2026-09-08 05:34:16,830 - FileManager - INFO - Loaded YAML from D:\trading_project\src\config\news_impact_classification.yaml
2026-09-08 05:34:16,864 - FileManager - INFO - Loaded YAML from D:\trading_project\src\config\models.yaml
2026-09-08 05:34:16,902 - FileManager - INFO - Loaded YAML from D:\trading_project\src\config\experiments.yaml
2026-09-08 05:34:16,939 - FileManager - INFO - Loaded YAML from D:\trading_project\src\config\analysis.yaml
2026-09-08 05:34:16,953 - FileManager - INFO - Loaded YAML from D:\trading_project\src\config\strategy.yaml
2026-09-08 05:34:16,971 - FileManager - INFO - Loaded YAML from D:\trading_project\src\config\risk_management.yaml
2026-09-08 05:34:16,977 - FileManager - INFO - Loaded YAML from D:\trading_project\src\config\simulation.yaml
2026-09-08 05:34:17,024 - FileManager - INFO - Loaded YAML from D:\trading_project\src\config\targets.yaml
2026-09-08 05:34:17,037 - FileManager - INFO - Loaded YAML from D:\trading_project\src\config\monitoring_config.yaml
2026-09-08 05:34:17,050 - FileManager - INFO - Loaded YAML from D:\trading_project\src\config\error_handling.yaml
2026-09-08 05:34:17,069 - FileManager - INFO - Loaded YAML from D:\trading_project\src\config\processing.yaml
2026-09-08 05:34:17,116 - FileManager - INFO - Loaded YAML from D:\trading_project\src\config\context.yaml
2026-09-08 05:34:17,166 - FileManager - INFO - Loaded YAML from D:\trading_project\src\config\knowledge_base.yaml
2026-09-08 05:34:17,185 - FileManager - INFO - Loaded YAML from D:\trading_project\src\config\generated_context_rules.yaml
2026-09-08 05:34:17,271 - FileManager - INFO - Loaded YAML from D:\trading_project\src\config\assets.yaml
2026-09-08 05:34:17,326 - FileManager - INFO - Loaded YAML from D:\trading_project\src\config\unified_config.yaml
2026-09-08 05:34:17,326 - UnifiedConfigManager - WARNING - Conflicting top-level key 'analysis' in unified_config.yaml. Previous source: analysis.yaml. Precedence given to latest.
2026-09-08 05:34:17,326 - UnifiedConfigManager - WARNING - Conflicting top-level key 'strategy' in unified_config.yaml. Previous source: risk_management.yaml. Precedence given to latest.
2026-09-08 05:34:17,340 - FileManager - INFO - Loaded YAML from D:\trading_project\src\config\pending_decisions.yaml
2026-09-08 05:34:17,346 - UnifiedConfigManager - INFO - Executing configuration compliance audit...
2026-09-08 05:34:17,348 - UnifiedConfigManager - INFO - Configuration audit verified. System is compliant.
2026-09-08 05:34:17,348 - UnifiedConfigManager - INFO - Synchronizing filesystem structure with configuration...
2026-09-08 05:34:17,374 - UnifiedConfigManager - INFO - Filesystem synchronization complete.
2026-09-08 05:34:17,376 - src.core.security.secure_secrets_manager - INFO - Environment configuration identified: D:\trading_project\.env
2026-09-08 05:34:17,376 - src.core.security.secure_secrets_manager - INFO - Successfully loaded 10 variables into the active environment.
2026-09-08 05:34:17,385 - UnifiedConfigManager - INFO - UnifiedConfigManager initialized for 'development' environment.
2026-09-08 05:34:17,385 - src.core.security.secure_secrets_manager - INFO - Environment configuration identified: D:\trading_project\.env
2026-09-08 05:34:17,385 - src.core.security.secure_secrets_manager - INFO - Successfully loaded 10 variables into the active environment.
newsapi_articles          HTTP 426 (32-char key)    parameterInvalid: You are trying to request results too far in the past. Your plan permits you to 

Read the dates, not the HTTP codes: every one of these answers 200 for TODAY.
A source that cannot serve a date before the seal cannot contribute to any
measurement this project makes, however healthy its collector looks.
