batch pre_backfill_20260908: 623,398 explorable daily rows, 110 names

=== what the square-root law needs, measured on this panel ===
  daily return sd per name   median 0.0202   25th 0.0165   75th 0.0266
  median dollar volume       median $242,855,016   25th $130,893,246   75th $488,254,996

=== what each declared coefficient implies for Y ===
    impact_fraction = C * sqrt(p) is being asked to equal
    Y * sigma * sqrt(p), so Y = C / sigma. Y is O(1) in the
    literature this shape comes from.

  C = 0.1      (live default (strategy.yaml))
      implies Y = 4.953  -- far too expensive
  C = 0.0001   (config, read only by dead archive code)
      implies Y = 0.004953  -- far too cheap

  C that makes Y = 1 on this panel: 0.0202
  C that makes Y = 0.5:              0.0101

=== what an order actually costs at each C, on the median name ===
     order  participation           0.1        0.0001        0.0202
                                    0.1        0.0001      measured
-------------------------------------------------------------------
$      500       2.06e-06      0.0143%       0.0000%       0.0029% 
$   10,000       4.12e-05      0.0642%       0.0001%       0.0130% 
$   25,000       1.03e-04      0.1015%       0.0001%       0.0205% 

Read the participation column first. At $25,000 against a median
name it is a ten-thousandth of a day's volume, and the square-root
law is not the binding cost at that size -- commission and spread
are (R22, R24). The coefficient matters for what it would do at
SIZE, which is a question about a capital base this project does
not have.
