# Rebuild of 2026-09-08, --mode prepare. THE LAPTOP LOST POWER AT ~08:05
# and the run died in stage 3. Nothing was written: the batch under
# main_database/ is still the one from 09-02 16:27, the preserved copy
# under pre_backfill_20260908/ is intact, and the database checkpointed
# clean (vix_data 7,548 rows, sec_filings 612,929 -- both backfills held).
#
# The full log was 27,815 lines and 2.9 MB of INFO. What follows is the
# milestones only, because the run will be repeated and its log will
# supersede this one. Kept as the record of how far it got.

2026-09-08 06:03:39,056 - src.pipeline.pipeline_orchestrator - INFO - ===== Executing Stage0Setup =====
2026-09-08 06:03:50,055 - src.pipeline.pipeline_orchestrator - INFO - ===== Executing Stage 1: CollectionStage =====
2026-09-08 06:06:07,659 - vix_collector - INFO - Successfully fetched 7548 VIX records
2026-09-08 06:07:50,781 - fear_greed_collector - INFO - Successfully fetched 250 Fear & Greed records
2026-09-08 06:13:59,982 - reddit_sentiment_collector - INFO - Successfully fetched and saved 96 new Reddit posts.
2026-09-08 06:14:07,514 - cftc_collector - INFO - Successfully fetched 2595 CFTC records
2026-09-08 06:21:07,713 - src.pipeline.stages.collection.orchestrator - INFO - Received 2595 records from 'cftc'.
2026-09-08 06:21:08,099 - src.pipeline.stages.collection.orchestrator - INFO - Received 250 records from 'fear_greed'.
2026-09-08 06:21:08,139 - src.data.management.data_manager - WARNING - Removed 1 internal duplicates before upsert into 'fear_greed_data'
2026-09-08 06:21:08,277 - src.pipeline.stages.collection.orchestrator - INFO - Received 85500 records from 'fred'.
2026-09-08 06:21:11,795 - src.pipeline.stages.collection.orchestrator - ERROR - Error in 'insider': TimeoutError: 
    raise TimeoutError from exc_val
TimeoutError
2026-09-08 06:21:11,840 - src.pipeline.stages.collection.orchestrator - ERROR - Error in 'newsapi': TimeoutError: 
    raise TimeoutError from exc_val
TimeoutError
2026-09-08 06:21:12,066 - src.pipeline.stages.collection.orchestrator - INFO - Received 96 records from 'reddit_sentiment'.
2026-09-08 06:21:12,183 - src.pipeline.stages.collection.orchestrator - INFO - Received 208580 records from 'sec_fundamentals'.
2026-09-08 06:22:04,630 - src.pipeline.stages.collection.orchestrator - ERROR - Error in 'sec_filings': TimeoutError: 
    raise TimeoutError from exc_val
TimeoutError
2026-09-08 06:22:04,639 - src.pipeline.stages.collection.orchestrator - INFO - Received 7548 records from 'vix'.
2026-09-08 06:22:06,624 - src.pipeline.stages.collection.orchestrator - INFO - Received 11322 records from 'yahoo_finance'.
2026-09-08 06:22:14,325 - src.pipeline.stages.collection.orchestrator - ERROR - Error in 'wikimedia_attention': TimeoutError: 
    raise TimeoutError from exc_val
TimeoutError
2026-09-08 06:22:14,530 - src.pipeline.stages.collection.orchestrator - INFO - Collection: 7/15 collectors delivered rows.
2026-09-08 06:22:14,596 - src.data.management.data_manager - INFO - Successfully fetched 2625 records from 'cftc_data'.
2026-09-08 06:22:14,672 - src.data.management.data_manager - INFO - Successfully fetched 361 records from 'economic_calendar'.
2026-09-08 06:22:15,632 - src.data.management.data_manager - INFO - Successfully fetched 94941 records from 'experience_diary'.
2026-09-08 06:22:15,680 - src.data.management.data_manager - INFO - Successfully fetched 17780 records from 'experience_diary_backup_20260730'.
2026-09-08 06:22:15,690 - src.data.management.data_manager - INFO - Successfully fetched 316 records from 'fear_greed_data'.
2026-09-08 06:22:16,387 - src.data.management.data_manager - INFO - Successfully fetched 570510 records from 'fred_data'.
2026-09-08 06:22:26,592 - src.data.management.data_manager - INFO - Successfully fetched 5714 records from 'google_news'.
2026-09-08 06:22:27,332 - src.data.management.data_manager - INFO - Successfully fetched 9744 records from 'insider_trades'.
2026-09-08 06:22:27,340 - src.data.management.data_manager - INFO - Successfully fetched 363 records from 'keyword_index'.
2026-09-08 06:22:27,347 - src.data.management.data_manager - INFO - Successfully fetched 758 records from 'macro_sdmx_data'.
2026-09-08 06:22:30,804 - src.data.management.data_manager - INFO - Successfully fetched 1298436 records from 'market_data_raw'.
2026-09-08 06:22:32,715 - src.data.management.data_manager - INFO - Successfully fetched 63038 records from 'market_data_raw_backup_15m_20260805'.
2026-09-08 06:22:32,752 - src.data.management.data_manager - INFO - Successfully fetched 80 records from 'market_data_raw_backup_1h_dailybars_20260805'.
2026-09-08 06:22:32,842 - src.data.management.data_manager - INFO - Successfully fetched 42126 records from 'market_data_raw_backup_60m_20260730'.
2026-09-08 06:22:33,427 - src.data.management.data_manager - INFO - Successfully fetched 285908 records from 'market_data_raw_backup_prehash_20260816_155304'.
2026-09-08 06:22:33,460 - src.data.management.data_manager - INFO - Successfully fetched 1 records from 'market_data_raw_orphan_pre2024_backup'.
2026-09-08 06:22:33,713 - src.data.management.data_manager - INFO - Successfully fetched 89199 records from 'market_data_raw_prepurge_20260805'.
2026-09-08 06:22:33,874 - src.data.management.data_manager - INFO - Successfully fetched 6934 records from 'newsapi_articles'.
2026-09-08 06:22:34,890 - src.data.management.data_manager - INFO - Successfully fetched 11825 records from 'rss_news'.
2026-09-08 06:22:39,052 - src.data.management.data_manager - INFO - Successfully fetched 612929 records from 'sec_filings'.
2026-09-08 06:22:41,046 - src.data.management.data_manager - INFO - Successfully fetched 208580 records from 'sec_fundamentals'.
2026-09-08 06:22:41,062 - src.data.management.data_manager - INFO - Successfully fetched 1650 records from 'sociological_sentiment_data'.
2026-09-08 06:22:41,085 - src.data.management.data_manager - INFO - Successfully fetched 1 records from 'test_fts_tiny'.
2026-09-08 06:22:41,106 - src.data.management.data_manager - INFO - Successfully fetched 2 records from 'test_table'.
2026-09-08 06:22:41,200 - src.data.management.data_manager - INFO - Successfully fetched 7548 records from 'vix_data'.
2026-09-08 06:22:41,235 - src.data.management.data_manager - INFO - Successfully fetched 99 records from 'vix_data_backup_prehash_20260816'.
2026-09-08 06:22:44,170 - src.data.management.data_manager - INFO - Successfully fetched 1105442 records from 'wikipedia_attention_data'.
2026-09-08 06:22:44,924 - src.pipeline.stages.collection.orchestrator - INFO - Total 6264075 records fetched from DB for next stage.
2026-09-08 06:22:45,645 - src.pipeline.pipeline_orchestrator - INFO - ===== Executing Stage 2: ProcessingStage =====
2026-09-08 06:22:55,700 - DataCleaner - INFO - Removed 14598 rows containing outliers in columns ['close'] (Threshold: 3.0)
2026-09-08 06:23:25,060 - src.pipeline.pipeline_orchestrator - INFO - ===== Executing Stage 3: FeatureEngineeringStage =====
2026-09-08 06:30:22,000 - NLPFeaturesEnricher - INFO - Removed timezone from datetime for merge compatibility
2026-09-08 06:41:04,268 - FeatureOrchestrator - INFO - ⏱️ Total enrichment time: 991.64s
2026-09-08 07:02:23,069 - NLPFeaturesEnricher - INFO - Removed timezone from datetime for merge compatibility
2026-09-08 07:18:26,855 - FeatureOrchestrator - INFO - ⏱️ Total enrichment time: 1896.43s
2026-09-08 07:36:16,337 - NLPFeaturesEnricher - INFO - Removed timezone from datetime for merge compatibility
2026-09-08 07:45:39,023 - FeatureOrchestrator - INFO - ⏱️ Total enrichment time: 1083.98s
2026-09-08 07:50:47,565 - FeatureEngineeringStage - INFO - Assembled 3 causal timeframe contexts: 1262990 total rows across 15m 173,989, 1d 705,819, 60m 383,182
2026-09-08 07:51:18,476 - RedundancyDetector - INFO - 🗑️ Removed 104 features that separate nothing: 101 constant, 3 carrying no values at all.
2026-09-08 07:59:41,918 - RedundancyDetector - INFO - 🔗 Found 25 redundant correlation groups
