2026-09-08 05:38:34,137 - ProjectLogger - INFO - Logging configured. Level: INFO. Path: logs
2026-09-08 05:38:34,181 - PathSafety - INFO - PathSafety initialized with 6 allowed roots
2026-09-08 05:38:34,182 - src.core.security.secure_secrets_manager - INFO - Environment configuration identified: D:\trading_project\.env
2026-09-08 05:38:34,183 - src.core.security.secure_secrets_manager - INFO - Successfully loaded 10 variables into the active environment.
2026-09-08 05:38:55,806 - FileManager - INFO - Loaded YAML from D:\trading_project\src\config\paths.yaml
2026-09-08 05:38:55,822 - FileManager - INFO - Loaded YAML from D:\trading_project\src\config\system.yaml
2026-09-08 05:38:55,829 - FileManager - INFO - Loaded YAML from D:\trading_project\src\config\version.yaml
2026-09-08 05:38:55,847 - FileManager - INFO - Loaded YAML from D:\trading_project\src\config\cloud_storage.yaml
2026-09-08 05:38:55,848 - FileManager - INFO - Loaded YAML from D:\trading_project\src\config\data_sources.yaml
2026-09-08 05:38:55,919 - FileManager - INFO - Loaded YAML from D:\trading_project\src\config\collectors.yaml
2026-09-08 05:38:55,937 - FileManager - INFO - Loaded YAML from D:\trading_project\src\config\features.yaml
2026-09-08 05:38:55,937 - FileManager - INFO - Loaded YAML from D:\trading_project\src\config\transformers.yaml
2026-09-08 05:38:55,966 - FileManager - INFO - Loaded YAML from D:\trading_project\src\config\enrichment.yaml
2026-09-08 05:38:55,986 - FileManager - INFO - Loaded YAML from D:\trading_project\src\config\noise_filter_config.yaml
2026-09-08 05:38:56,002 - FileManager - INFO - Loaded YAML from D:\trading_project\src\config\sentiment.yaml
2026-09-08 05:38:56,030 - FileManager - INFO - Loaded YAML from D:\trading_project\src\config\news_impact_classification.yaml
2026-09-08 05:38:56,064 - FileManager - INFO - Loaded YAML from D:\trading_project\src\config\models.yaml
2026-09-08 05:38:56,070 - FileManager - INFO - Loaded YAML from D:\trading_project\src\config\experiments.yaml
2026-09-08 05:38:56,097 - FileManager - INFO - Loaded YAML from D:\trading_project\src\config\analysis.yaml
2026-09-08 05:38:56,109 - FileManager - INFO - Loaded YAML from D:\trading_project\src\config\strategy.yaml
2026-09-08 05:38:56,137 - FileManager - INFO - Loaded YAML from D:\trading_project\src\config\risk_management.yaml
2026-09-08 05:38:56,162 - FileManager - INFO - Loaded YAML from D:\trading_project\src\config\simulation.yaml
2026-09-08 05:38:56,328 - FileManager - INFO - Loaded YAML from D:\trading_project\src\config\targets.yaml
2026-09-08 05:38:56,398 - FileManager - INFO - Loaded YAML from D:\trading_project\src\config\monitoring_config.yaml
2026-09-08 05:38:56,412 - FileManager - INFO - Loaded YAML from D:\trading_project\src\config\error_handling.yaml
2026-09-08 05:38:56,429 - FileManager - INFO - Loaded YAML from D:\trading_project\src\config\processing.yaml
2026-09-08 05:38:56,471 - FileManager - INFO - Loaded YAML from D:\trading_project\src\config\context.yaml
2026-09-08 05:38:56,503 - FileManager - INFO - Loaded YAML from D:\trading_project\src\config\knowledge_base.yaml
2026-09-08 05:38:56,506 - FileManager - INFO - Loaded YAML from D:\trading_project\src\config\generated_context_rules.yaml
2026-09-08 05:38:56,566 - FileManager - INFO - Loaded YAML from D:\trading_project\src\config\assets.yaml
2026-09-08 05:38:56,616 - FileManager - INFO - Loaded YAML from D:\trading_project\src\config\unified_config.yaml
2026-09-08 05:38:56,616 - UnifiedConfigManager - WARNING - Conflicting top-level key 'analysis' in unified_config.yaml. Previous source: analysis.yaml. Precedence given to latest.
2026-09-08 05:38:56,616 - UnifiedConfigManager - WARNING - Conflicting top-level key 'strategy' in unified_config.yaml. Previous source: risk_management.yaml. Precedence given to latest.
2026-09-08 05:38:56,630 - FileManager - INFO - Loaded YAML from D:\trading_project\src\config\pending_decisions.yaml
2026-09-08 05:38:56,641 - UnifiedConfigManager - INFO - Executing configuration compliance audit...
2026-09-08 05:38:56,643 - UnifiedConfigManager - INFO - Configuration audit verified. System is compliant.
2026-09-08 05:38:56,644 - UnifiedConfigManager - INFO - Synchronizing filesystem structure with configuration...
2026-09-08 05:38:56,656 - UnifiedConfigManager - INFO - Filesystem synchronization complete.
2026-09-08 05:38:56,656 - src.core.security.secure_secrets_manager - INFO - Environment configuration identified: D:\trading_project\.env
2026-09-08 05:38:56,662 - src.core.security.secure_secrets_manager - INFO - Successfully loaded 10 variables into the active environment.
2026-09-08 05:38:56,669 - UnifiedConfigManager - INFO - UnifiedConfigManager initialized for 'development' environment.
config period: '30y'
2026-09-08 05:38:56,669 - src.cli.pipeline_executor - INFO - Loaded 110 unique tickers from 19 sectors: ['AAPL', 'ABBV', 'ABT', 'ADBE', 'AEP', 'AMD', 'AMGN', 'AMT', 'AMZN', 'APD', 'AVB', 'BA', 'BABA', 'BAC', 'BHP', 'BIDU', 'BILI', 'BMY', 'CAT', 'CBRE', 'CHTR', 'CMCSA', 'COIN', 'COP', 'COST', 'CRM', 'CSCO', 'CVX', 'DD', 'DE', 'DIA', 'DIS', 'DOW', 'DUK', 'EBAY', 'ECL', 'ED', 'EQIX', 'EXC', 'FCX', 'FOXA', 'GBTC', 'GE', 'GILD', 'GLD', 'GOOGL', 'GS', 'HD', 'HON', 'IBM', 'INTC', 'IWM', 'JD', 'JNJ', 'JPM', 'KO', 'LI', 'LIN', 'LLY', 'MARA', 'MCD', 'META', 'MMM', 'MRK', 'MSFT', 'NEE', 'NEM', 'NFLX', 'NIO', 'NKE', 'NVDA', 'ORCL', 'PDD', 'PEG', 'PEP', 'PFE', 'PG', 'PLD', 'PSA', 'PYPL', 'QQQ', 'RIOT', 'RTX', 'SBUX', 'SLV', 'SO', 'SPY', 'SRE', 'T', 'TLT', 'TMUS', 'TSLA', 'TSM', 'UNH', 'UPS', 'VTI', 'VTR', 'VZ', 'WELL', 'WFC', 'WMT', 'XLE', 'XLF', 'XLI', 'XLK', 'XLU', 'XLV', 'XME', 'XOM', 'XPEV']
tickers: 110
2026-09-08 05:38:56,695 - FileManager - INFO - Loaded YAML from D:\trading_project\src\config\paths.yaml
2026-09-08 05:38:56,712 - FileManager - INFO - Loaded YAML from D:\trading_project\src\config\system.yaml
2026-09-08 05:38:56,716 - FileManager - INFO - Loaded YAML from D:\trading_project\src\config\version.yaml
2026-09-08 05:38:56,720 - FileManager - INFO - Loaded YAML from D:\trading_project\src\config\cloud_storage.yaml
2026-09-08 05:38:56,726 - FileManager - INFO - Loaded YAML from D:\trading_project\src\config\data_sources.yaml
2026-09-08 05:38:56,801 - FileManager - INFO - Loaded YAML from D:\trading_project\src\config\collectors.yaml
2026-09-08 05:38:56,818 - FileManager - INFO - Loaded YAML from D:\trading_project\src\config\features.yaml
2026-09-08 05:38:56,823 - FileManager - INFO - Loaded YAML from D:\trading_project\src\config\transformers.yaml
2026-09-08 05:38:56,849 - FileManager - INFO - Loaded YAML from D:\trading_project\src\config\enrichment.yaml
2026-09-08 05:38:56,868 - FileManager - INFO - Loaded YAML from D:\trading_project\src\config\noise_filter_config.yaml
2026-09-08 05:38:56,876 - FileManager - INFO - Loaded YAML from D:\trading_project\src\config\sentiment.yaml
2026-09-08 05:38:56,906 - FileManager - INFO - Loaded YAML from D:\trading_project\src\config\news_impact_classification.yaml
2026-09-08 05:38:56,936 - FileManager - INFO - Loaded YAML from D:\trading_project\src\config\models.yaml
2026-09-08 05:38:56,943 - FileManager - INFO - Loaded YAML from D:\trading_project\src\config\experiments.yaml
2026-09-08 05:38:56,966 - FileManager - INFO - Loaded YAML from D:\trading_project\src\config\analysis.yaml
2026-09-08 05:38:56,968 - FileManager - INFO - Loaded YAML from D:\trading_project\src\config\strategy.yaml
2026-09-08 05:38:56,986 - FileManager - INFO - Loaded YAML from D:\trading_project\src\config\risk_management.yaml
2026-09-08 05:38:56,996 - FileManager - INFO - Loaded YAML from D:\trading_project\src\config\simulation.yaml
2026-09-08 05:38:57,035 - FileManager - INFO - Loaded YAML from D:\trading_project\src\config\targets.yaml
2026-09-08 05:38:57,050 - FileManager - INFO - Loaded YAML from D:\trading_project\src\config\monitoring_config.yaml
2026-09-08 05:38:57,056 - FileManager - INFO - Loaded YAML from D:\trading_project\src\config\error_handling.yaml
2026-09-08 05:38:57,066 - FileManager - INFO - Loaded YAML from D:\trading_project\src\config\processing.yaml
2026-09-08 05:38:57,113 - FileManager - INFO - Loaded YAML from D:\trading_project\src\config\context.yaml
2026-09-08 05:38:57,148 - FileManager - INFO - Loaded YAML from D:\trading_project\src\config\knowledge_base.yaml
2026-09-08 05:38:57,151 - FileManager - INFO - Loaded YAML from D:\trading_project\src\config\generated_context_rules.yaml
2026-09-08 05:38:57,208 - FileManager - INFO - Loaded YAML from D:\trading_project\src\config\assets.yaml
2026-09-08 05:38:57,250 - FileManager - INFO - Loaded YAML from D:\trading_project\src\config\unified_config.yaml
2026-09-08 05:38:57,250 - UnifiedConfigManager - WARNING - Conflicting top-level key 'analysis' in unified_config.yaml. Previous source: analysis.yaml. Precedence given to latest.
2026-09-08 05:38:57,250 - UnifiedConfigManager - WARNING - Conflicting top-level key 'strategy' in unified_config.yaml. Previous source: risk_management.yaml. Precedence given to latest.
2026-09-08 05:38:57,266 - FileManager - INFO - Loaded YAML from D:\trading_project\src\config\pending_decisions.yaml
2026-09-08 05:38:57,266 - UnifiedConfigManager - INFO - Executing configuration compliance audit...
2026-09-08 05:38:57,266 - UnifiedConfigManager - INFO - Configuration audit verified. System is compliant.
2026-09-08 05:38:57,266 - UnifiedConfigManager - INFO - Synchronizing filesystem structure with configuration...
2026-09-08 05:38:57,278 - UnifiedConfigManager - INFO - Filesystem synchronization complete.
2026-09-08 05:38:57,278 - src.core.security.secure_secrets_manager - INFO - Environment configuration identified: D:\trading_project\.env
2026-09-08 05:38:57,278 - src.core.security.secure_secrets_manager - INFO - Successfully loaded 10 variables into the active environment.
2026-09-08 05:38:57,286 - UnifiedConfigManager - INFO - UnifiedConfigManager initialized for 'development' environment.
2026-09-08 05:38:57,290 - src.data.management.data_manager - INFO - Attempting to create a new shared connection to 'D:\trading_project\data\trading_data.duckdb'.
2026-09-08 05:38:57,362 - src.data.management.data_manager - INFO - Successfully created DB connection to 'D:\trading_project\data\trading_data.duckdb' (attempt 1/3)
2026-09-08 05:38:57,362 - src.data.collectors.sec_filings_collector - INFO - Loaded CIK map for 100 tickers.
2026-09-08 05:38:57,362 - src.data.collectors.sec_filings_collector - INFO - [SEC] Fetching filings for 100 tickers from 1996-09-15.
2026-09-08 05:39:00,419 - RateLimiter - INFO - RateLimiter initialized: 10 requests per 1.0 seconds.
2026-09-08 05:39:00,581 - httpx - INFO - HTTP Request: GET https://data.sec.gov/submissions/CIK0000320193.json "HTTP/1.1 200 OK"
2026-09-08 05:39:00,671 - src.data.collectors.sec_filings_collector - INFO - [SEC] AAPL -> CIK0000320193 'Apple Inc.'
2026-09-08 05:39:00,734 - httpx - INFO - HTTP Request: GET https://data.sec.gov/submissions/CIK0000004904.json "HTTP/1.1 200 OK"
2026-09-08 05:39:00,736 - httpx - INFO - HTTP Request: GET https://data.sec.gov/submissions/CIK0000001800.json "HTTP/1.1 200 OK"
2026-09-08 05:39:00,737 - httpx - INFO - HTTP Request: GET https://data.sec.gov/submissions/CIK0001551152.json "HTTP/1.1 200 OK"
2026-09-08 05:39:00,747 - src.data.collectors.sec_filings_collector - INFO - [SEC] AEP -> CIK0000004904 'AMERICAN ELECTRIC POWER CO INC'
2026-09-08 05:39:00,866 - src.data.collectors.sec_filings_collector - INFO - [SEC] ABT -> CIK0000001800 'ABBOTT LABORATORIES'
2026-09-08 05:39:00,962 - httpx - INFO - HTTP Request: GET https://data.sec.gov/submissions/CIK0000796343.json "HTTP/1.1 200 OK"
2026-09-08 05:39:00,968 - src.data.collectors.sec_filings_collector - INFO - [SEC] ABBV -> CIK0001551152 'AbbVie Inc.'
2026-09-08 05:39:01,005 - src.data.collectors.sec_filings_collector - INFO - [SEC] ADBE -> CIK0000796343 'ADOBE INC.'
2026-09-08 05:39:01,028 - httpx - INFO - HTTP Request: GET https://data.sec.gov/submissions/CIK0000320193-submissions-001.json "HTTP/1.1 200 OK"
2026-09-08 05:39:01,140 - httpx - INFO - HTTP Request: GET https://data.sec.gov/submissions/CIK0000004904-submissions-001.json "HTTP/1.1 200 OK"
2026-09-08 05:39:01,227 - httpx - INFO - HTTP Request: GET https://data.sec.gov/submissions/CIK0000001800-submissions-001.json "HTTP/1.1 200 OK"
2026-09-08 05:39:01,289 - httpx - INFO - HTTP Request: GET https://data.sec.gov/submissions/CIK0001551152-submissions-001.json "HTTP/1.1 200 OK"
2026-09-08 05:39:01,361 - httpx - INFO - HTTP Request: GET https://data.sec.gov/submissions/CIK0000796343-submissions-001.json "HTTP/1.1 200 OK"
2026-09-08 05:39:01,404 - httpx - INFO - HTTP Request: GET https://data.sec.gov/submissions/CIK0000004904-submissions-002.json "HTTP/1.1 200 OK"
2026-09-08 05:39:01,451 - httpx - INFO - HTTP Request: GET https://data.sec.gov/submissions/CIK0000002488.json "HTTP/1.1 200 OK"
2026-09-08 05:39:01,462 - src.data.collectors.sec_filings_collector - INFO - [SEC] AMD -> CIK0000002488 'ADVANCED MICRO DEVICES INC'
2026-09-08 05:39:01,530 - httpx - INFO - HTTP Request: GET https://data.sec.gov/submissions/CIK0000001800-submissions-002.json "HTTP/1.1 200 OK"
2026-09-08 05:39:01,672 - httpx - INFO - HTTP Request: GET https://data.sec.gov/submissions/CIK0000318154.json "HTTP/1.1 200 OK"
2026-09-08 05:39:01,686 - src.data.collectors.sec_filings_collector - INFO - [SEC] AMGN -> CIK0000318154 'AMGEN INC'
2026-09-08 05:39:01,769 - httpx - INFO - HTTP Request: GET https://data.sec.gov/submissions/CIK0001018724.json "HTTP/1.1 200 OK"
2026-09-08 05:39:01,769 - httpx - INFO - HTTP Request: GET https://data.sec.gov/submissions/CIK0000002488-submissions-001.json "HTTP/1.1 200 OK"
2026-09-08 05:39:01,851 - src.data.collectors.sec_filings_collector - INFO - [SEC] AMZN -> CIK0001018724 'AMAZON COM INC'
2026-09-08 05:39:01,878 - httpx - INFO - HTTP Request: GET https://data.sec.gov/submissions/CIK0001053507.json "HTTP/1.1 200 OK"
2026-09-08 05:39:01,879 - src.data.collectors.sec_filings_collector - INFO - [SEC] AMT -> CIK0001053507 'AMERICAN TOWER CORP /MA/'
2026-09-08 05:39:02,016 - httpx - INFO - HTTP Request: GET https://data.sec.gov/submissions/CIK0000002969.json "HTTP/1.1 200 OK"
2026-09-08 05:39:02,023 - httpx - INFO - HTTP Request: GET https://data.sec.gov/submissions/CIK0000318154-submissions-001.json "HTTP/1.1 200 OK"
2026-09-08 05:39:02,028 - src.data.collectors.sec_filings_collector - INFO - [SEC] APD -> CIK0000002969 'Air Products & Chemicals, Inc.'
2026-09-08 05:39:02,096 - httpx - INFO - HTTP Request: GET https://data.sec.gov/submissions/CIK0001018724-submissions-001.json "HTTP/1.1 200 OK"
2026-09-08 05:39:02,147 - httpx - INFO - HTTP Request: GET https://data.sec.gov/submissions/CIK0000002488-submissions-002.json "HTTP/1.1 200 OK"
2026-09-08 05:39:02,359 - httpx - INFO - HTTP Request: GET https://data.sec.gov/submissions/CIK0000318154-submissions-002.json "HTTP/1.1 200 OK"
2026-09-08 05:39:02,363 - httpx - INFO - HTTP Request: GET https://data.sec.gov/submissions/CIK0001018724-submissions-002.json "HTTP/1.1 200 OK"
2026-09-08 05:39:02,502 - httpx - INFO - HTTP Request: GET https://data.sec.gov/submissions/CIK0001053507-submissions-001.json "HTTP/1.1 200 OK"
2026-09-08 05:39:02,598 - httpx - INFO - HTTP Request: GET https://data.sec.gov/submissions/CIK0000915912.json "HTTP/1.1 200 OK"
2026-09-08 05:39:02,606 - src.data.collectors.sec_filings_collector - INFO - [SEC] AVB -> CIK0000915912 'AVALONBAY COMMUNITIES INC'
2026-09-08 05:39:02,632 - httpx - INFO - HTTP Request: GET https://data.sec.gov/submissions/CIK0000002969-submissions-001.json "HTTP/1.1 200 OK"
2026-09-08 05:39:02,712 - httpx - INFO - HTTP Request: GET https://data.sec.gov/submissions/CIK0001577552.json "HTTP/1.1 200 OK"
2026-09-08 05:39:02,713 - httpx - INFO - HTTP Request: GET https://data.sec.gov/submissions/CIK0000012927.json "HTTP/1.1 200 OK"
2026-09-08 05:39:02,720 - src.data.collectors.sec_filings_collector - INFO - [SEC] BABA -> CIK0001577552 'Alibaba Group Holding Ltd'
2026-09-08 05:39:02,735 - src.data.collectors.sec_filings_collector - INFO - [SEC] BA -> CIK0000012927 'BOEING CO'
2026-09-08 05:39:02,778 - httpx - INFO - HTTP Request: GET https://data.sec.gov/submissions/CIK0000915912-submissions-001.json "HTTP/1.1 200 OK"
2026-09-08 05:39:02,906 - httpx - INFO - HTTP Request: GET https://data.sec.gov/submissions/CIK0000012927-submissions-001.json "HTTP/1.1 200 OK"
2026-09-08 05:39:03,087 - httpx - INFO - HTTP Request: GET https://data.sec.gov/submissions/CIK0000070858.json "HTTP/1.1 200 OK"
2026-09-08 05:39:03,089 - httpx - INFO - HTTP Request: GET https://data.sec.gov/submissions/CIK0001329099.json "HTTP/1.1 200 OK"
2026-09-08 05:39:03,101 - src.data.collectors.sec_filings_collector - INFO - [SEC] BIDU -> CIK0001329099 'Baidu, Inc.'
2026-09-08 05:39:03,129 - httpx - INFO - HTTP Request: GET https://data.sec.gov/submissions/CIK0000012927-submissions-002.json "HTTP/1.1 200 OK"
2026-09-08 05:39:03,185 - src.data.collectors.sec_filings_collector - INFO - [SEC] BAC -> CIK0000070858 'BANK OF AMERICA CORP /DE/'
2026-09-08 05:39:03,393 - httpx - INFO - HTTP Request: GET https://data.sec.gov/submissions/CIK0000811809.json "HTTP/1.1 200 OK"
2026-09-08 05:39:03,396 - src.data.collectors.sec_filings_collector - INFO - [SEC] BHP -> CIK0000811809 'BHP Group Ltd'
2026-09-08 05:39:03,465 - httpx - INFO - HTTP Request: GET https://data.sec.gov/submissions/CIK0001723690.json "HTTP/1.1 200 OK"
2026-09-08 05:39:03,468 - src.data.collectors.sec_filings_collector - INFO - [SEC] BILI -> CIK0001723690 'Bilibili Inc.'
2026-09-08 05:39:03,580 - httpx - INFO - HTTP Request: GET https://data.sec.gov/submissions/CIK0000014272.json "HTTP/1.1 200 OK"
2026-09-08 05:39:03,594 - src.data.collectors.sec_filings_collector - INFO - [SEC] BMY -> CIK0000014272 'BRISTOL MYERS SQUIBB CO'
2026-09-08 05:39:03,698 - httpx - INFO - HTTP Request: GET https://data.sec.gov/submissions/CIK0000811809-submissions-001.json "HTTP/1.1 200 OK"
2026-09-08 05:39:03,771 - httpx - INFO - HTTP Request: GET https://data.sec.gov/submissions/CIK0000018230.json "HTTP/1.1 200 OK"
2026-09-08 05:39:03,777 - src.data.collectors.sec_filings_collector - INFO - [SEC] CAT -> CIK0000018230 'CATERPILLAR INC'
2026-09-08 05:39:03,946 - httpx - INFO - HTTP Request: GET https://data.sec.gov/submissions/CIK0001138118.json "HTTP/1.1 200 OK"
2026-09-08 05:39:04,040 - httpx - INFO - HTTP Request: GET https://data.sec.gov/submissions/CIK0000014272-submissions-001.json "HTTP/1.1 200 OK"
2026-09-08 05:39:04,053 - httpx - INFO - HTTP Request: GET https://data.sec.gov/submissions/CIK0000070858-submissions-001.json "HTTP/1.1 200 OK"
2026-09-08 05:39:04,102 - httpx - INFO - HTTP Request: GET https://data.sec.gov/submissions/CIK0000018230-submissions-001.json "HTTP/1.1 200 OK"
2026-09-08 05:39:04,149 - httpx - INFO - HTTP Request: GET https://data.sec.gov/submissions/CIK0000811809-submissions-002.json "HTTP/1.1 200 OK"
2026-09-08 05:39:04,197 - src.data.collectors.sec_filings_collector - INFO - [SEC] CBRE -> CIK0001138118 'CBRE GROUP, INC.'
2026-09-08 05:39:04,440 - httpx - INFO - HTTP Request: GET https://data.sec.gov/submissions/CIK0000014272-submissions-002.json "HTTP/1.1 200 OK"
2026-09-08 05:39:04,464 - httpx - INFO - HTTP Request: GET https://data.sec.gov/submissions/CIK0001138118-submissions-001.json "HTTP/1.1 200 OK"
2026-09-08 05:39:04,576 - httpx - INFO - HTTP Request: GET https://data.sec.gov/submissions/CIK0000018230-submissions-002.json "HTTP/1.1 200 OK"
2026-09-08 05:39:04,633 - httpx - INFO - HTTP Request: GET https://data.sec.gov/submissions/CIK0001091667.json "HTTP/1.1 200 OK"
2026-09-08 05:39:04,639 - src.data.collectors.sec_filings_collector - INFO - [SEC] CHTR -> CIK0001091667 'CHARTER COMMUNICATIONS, INC. /MO/'
2026-09-08 05:39:04,719 - httpx - INFO - HTTP Request: GET https://data.sec.gov/submissions/CIK0000070858-submissions-002.json "HTTP/1.1 200 OK"
2026-09-08 05:39:04,779 - httpx - INFO - HTTP Request: GET https://data.sec.gov/submissions/CIK0001166691.json "HTTP/1.1 200 OK"
2026-09-08 05:39:04,786 - src.data.collectors.sec_filings_collector - INFO - [SEC] CMCSA -> CIK0001166691 'COMCAST CORP'
2026-09-08 05:39:04,836 - httpx - INFO - HTTP Request: GET https://data.sec.gov/submissions/CIK0000018230-submissions-003.json "HTTP/1.1 200 OK"
2026-09-08 05:39:04,876 - httpx - INFO - HTTP Request: GET https://data.sec.gov/submissions/CIK0001679788.json "HTTP/1.1 200 OK"
2026-09-08 05:39:04,881 - src.data.collectors.sec_filings_collector - INFO - [SEC] COIN -> CIK0001679788 'Coinbase Global, Inc.'
2026-09-08 05:39:05,040 - httpx - INFO - HTTP Request: GET https://data.sec.gov/submissions/CIK0001166691-submissions-001.json "HTTP/1.1 200 OK"
2026-09-08 05:39:05,176 - httpx - INFO - HTTP Request: GET https://data.sec.gov/submissions/CIK0001091667-submissions-001.json "HTTP/1.1 200 OK"
2026-09-08 05:39:05,230 - httpx - INFO - HTTP Request: GET https://data.sec.gov/submissions/CIK0001679788-submissions-001.json "HTTP/1.1 200 OK"
2026-09-08 05:39:05,250 - httpx - INFO - HTTP Request: GET https://data.sec.gov/submissions/CIK0000070858-submissions-003.json "HTTP/1.1 200 OK"
2026-09-08 05:39:05,307 - httpx - INFO - HTTP Request: GET https://data.sec.gov/submissions/CIK0001163165.json "HTTP/1.1 200 OK"
2026-09-08 05:39:05,319 - src.data.collectors.sec_filings_collector - INFO - [SEC] COP -> CIK0001163165 'CONOCOPHILLIPS'
2026-09-08 05:39:05,341 - httpx - INFO - HTTP Request: GET https://data.sec.gov/submissions/CIK0001166691-submissions-002.json "HTTP/1.1 200 OK"
2026-09-08 05:39:05,563 - httpx - INFO - HTTP Request: GET https://data.sec.gov/submissions/CIK0000070858-submissions-004.json "HTTP/1.1 200 OK"
2026-09-08 05:39:05,746 - httpx - INFO - HTTP Request: GET https://data.sec.gov/submissions/CIK0001108524.json "HTTP/1.1 200 OK"
2026-09-08 05:39:05,752 - src.data.collectors.sec_filings_collector - INFO - [SEC] CRM -> CIK0001108524 'Salesforce, Inc.'
2026-09-08 05:39:05,770 - httpx - INFO - HTTP Request: GET https://data.sec.gov/submissions/CIK0000858877.json "HTTP/1.1 200 OK"
2026-09-08 05:39:05,783 - src.data.collectors.sec_filings_collector - INFO - [SEC] CSCO -> CIK0000858877 'CISCO SYSTEMS, INC.'
2026-09-08 05:39:05,826 - httpx - INFO - HTTP Request: GET https://data.sec.gov/submissions/CIK0000909832.json "HTTP/1.1 200 OK"
2026-09-08 05:39:05,838 - src.data.collectors.sec_filings_collector - INFO - [SEC] COST -> CIK0000909832 'COSTCO WHOLESALE CORP /NEW'
2026-09-08 05:39:06,066 - httpx - INFO - HTTP Request: GET https://data.sec.gov/submissions/CIK0001163165-submissions-001.json "HTTP/1.1 200 OK"
2026-09-08 05:39:06,164 - httpx - INFO - HTTP Request: GET https://data.sec.gov/submissions/CIK0001108524-submissions-001.json "HTTP/1.1 200 OK"
2026-09-08 05:39:06,309 - httpx - INFO - HTTP Request: GET https://data.sec.gov/submissions/CIK0000909832-submissions-001.json "HTTP/1.1 200 OK"
2026-09-08 05:39:06,379 - httpx - INFO - HTTP Request: GET https://data.sec.gov/submissions/CIK0001108524-submissions-002.json "HTTP/1.1 200 OK"
2026-09-08 05:39:06,598 - httpx - INFO - HTTP Request: GET https://data.sec.gov/submissions/CIK0001108524-submissions-003.json "HTTP/1.1 200 OK"
2026-09-08 05:39:06,703 - httpx - INFO - HTTP Request: GET https://data.sec.gov/submissions/CIK0000093410.json "HTTP/1.1 200 OK"
2026-09-08 05:39:06,715 - src.data.collectors.sec_filings_collector - INFO - [SEC] CVX -> CIK0000093410 'CHEVRON CORP'
2026-09-08 05:39:06,964 - httpx - INFO - HTTP Request: GET https://data.sec.gov/submissions/CIK0000070858-submissions-005.json "HTTP/1.1 200 OK"
2026-09-08 05:39:06,968 - httpx - INFO - HTTP Request: GET https://data.sec.gov/submissions/CIK0001108524-submissions-004.json "HTTP/1.1 200 OK"
2026-09-08 05:39:07,066 - httpx - INFO - HTTP Request: GET https://data.sec.gov/submissions/CIK0000093410-submissions-001.json "HTTP/1.1 200 OK"
2026-09-08 05:39:07,170 - httpx - INFO - HTTP Request: GET https://data.sec.gov/submissions/CIK0001163165-submissions-002.json "HTTP/1.1 200 OK"
2026-09-08 05:39:07,192 - httpx - INFO - HTTP Request: GET https://data.sec.gov/submissions/CIK0000858877-submissions-001.json "HTTP/1.1 200 OK"
2026-09-08 05:39:07,256 - httpx - INFO - HTTP Request: GET https://data.sec.gov/submissions/CIK0001108524-submissions-005.json "HTTP/1.1 200 OK"
2026-09-08 05:39:07,506 - httpx - INFO - HTTP Request: GET https://data.sec.gov/submissions/CIK0000070858-submissions-006.json "HTTP/1.1 200 OK"
2026-09-08 05:39:07,568 - httpx - INFO - HTTP Request: GET https://data.sec.gov/submissions/CIK0000315189.json "HTTP/1.1 200 OK"
2026-09-08 05:39:07,575 - httpx - INFO - HTTP Request: GET https://data.sec.gov/submissions/CIK0000858877-submissions-002.json "HTTP/1.1 200 OK"
2026-09-08 05:39:07,579 - src.data.collectors.sec_filings_collector - INFO - [SEC] DE -> CIK0000315189 'DEERE & CO'
2026-09-08 05:39:07,648 - httpx - INFO - HTTP Request: GET https://data.sec.gov/submissions/CIK0001041130.json "HTTP/1.1 200 OK"
2026-09-08 05:39:07,648 - src.data.collectors.sec_filings_collector - INFO - [SEC] DIA -> CIK0001041130 'SPDR DOW JONES INDUSTRIAL AVERAGE ETF TRUST'
2026-09-08 05:39:07,714 - httpx - INFO - HTTP Request: GET https://data.sec.gov/submissions/CIK0001666700.json "HTTP/1.1 200 OK"
2026-09-08 05:39:07,716 - src.data.collectors.sec_filings_collector - INFO - [SEC] DD -> CIK0001666700 'DuPont de Nemours, Inc.'
2026-09-08 05:39:07,816 - httpx - INFO - HTTP Request: GET https://data.sec.gov/submissions/CIK0000070858-submissions-007.json "HTTP/1.1 200 OK"
2026-09-08 05:39:07,876 - httpx - INFO - HTTP Request: GET https://data.sec.gov/submissions/CIK0000315189-submissions-001.json "HTTP/1.1 200 OK"
2026-09-08 05:39:07,956 - httpx - INFO - HTTP Request: GET https://data.sec.gov/submissions/CIK0001744489.json "HTTP/1.1 200 OK"
2026-09-08 05:39:07,966 - src.data.collectors.sec_filings_collector - INFO - [SEC] DIS -> CIK0001744489 'Walt Disney Co'
2026-09-08 05:39:08,057 - httpx - INFO - HTTP Request: GET https://data.sec.gov/submissions/CIK0001751788.json "HTTP/1.1 200 OK"
2026-09-08 05:39:08,067 - src.data.collectors.sec_filings_collector - INFO - [SEC] DOW -> CIK0001751788 'DOW INC.'
2026-09-08 05:39:08,116 - httpx - INFO - HTTP Request: GET https://data.sec.gov/submissions/CIK0001666700-submissions-001.json "HTTP/1.1 200 OK"
2026-09-08 05:39:08,230 - httpx - INFO - HTTP Request: GET https://data.sec.gov/submissions/CIK0000070858-submissions-008.json "HTTP/1.1 200 OK"
2026-09-08 05:39:08,277 - httpx - INFO - HTTP Request: GET https://data.sec.gov/submissions/CIK0001744489-submissions-001.json "HTTP/1.1 200 OK"
2026-09-08 05:39:08,279 - httpx - INFO - HTTP Request: GET https://data.sec.gov/submissions/CIK0001326160.json "HTTP/1.1 200 OK"
2026-09-08 05:39:08,292 - src.data.collectors.sec_filings_collector - INFO - [SEC] DUK -> CIK0001326160 'Duke Energy CORP'
2026-09-08 05:39:08,428 - httpx - INFO - HTTP Request: GET https://data.sec.gov/submissions/CIK0001065088.json "HTTP/1.1 200 OK"
2026-09-08 05:39:08,435 - src.data.collectors.sec_filings_collector - INFO - [SEC] EBAY -> CIK0001065088 'EBAY INC'
2026-09-08 05:39:08,534 - httpx - INFO - HTTP Request: GET https://data.sec.gov/submissions/CIK0000070858-submissions-009.json "HTTP/1.1 200 OK"
2026-09-08 05:39:08,586 - httpx - INFO - HTTP Request: GET https://data.sec.gov/submissions/CIK0001326160-submissions-001.json "HTTP/1.1 200 OK"
2026-09-08 05:39:08,586 - httpx - INFO - HTTP Request: GET https://data.sec.gov/submissions/CIK0000031462.json "HTTP/1.1 200 OK"
2026-09-08 05:39:08,653 - src.data.collectors.sec_filings_collector - INFO - [SEC] ECL -> CIK0000031462 'ECOLAB INC.'
2026-09-08 05:39:08,746 - httpx - INFO - HTTP Request: GET https://data.sec.gov/submissions/CIK0001065088-submissions-001.json "HTTP/1.1 200 OK"
2026-09-08 05:39:08,824 - httpx - INFO - HTTP Request: GET https://data.sec.gov/submissions/CIK0001047862.json "HTTP/1.1 200 OK"
2026-09-08 05:39:08,831 - src.data.collectors.sec_filings_collector - INFO - [SEC] ED -> CIK0001047862 'CONSOLIDATED EDISON INC'
2026-09-08 05:39:09,019 - httpx - INFO - HTTP Request: GET https://data.sec.gov/submissions/CIK0000070858-submissions-010.json "HTTP/1.1 200 OK"
2026-09-08 05:39:09,090 - httpx - INFO - HTTP Request: GET https://data.sec.gov/submissions/CIK0001326160-submissions-002.json "HTTP/1.1 200 OK"
2026-09-08 05:39:09,371 - httpx - INFO - HTTP Request: GET https://data.sec.gov/submissions/CIK0000031462-submissions-001.json "HTTP/1.1 200 OK"
2026-09-08 05:39:09,371 - httpx - INFO - HTTP Request: GET https://data.sec.gov/submissions/CIK0001065088-submissions-002.json "HTTP/1.1 200 OK"
2026-09-08 05:39:09,371 - httpx - INFO - HTTP Request: GET https://data.sec.gov/submissions/CIK0001047862-submissions-001.json "HTTP/1.1 200 OK"
2026-09-08 05:39:09,562 - httpx - INFO - HTTP Request: GET https://data.sec.gov/submissions/CIK0001101239.json "HTTP/1.1 200 OK"
2026-09-08 05:39:09,566 - src.data.collectors.sec_filings_collector - INFO - [SEC] EQIX -> CIK0001101239 'EQUINIX INC'
2026-09-08 05:39:09,681 - httpx - INFO - HTTP Request: GET https://data.sec.gov/submissions/CIK0000031462-submissions-002.json "HTTP/1.1 200 OK"
2026-09-08 05:39:09,799 - httpx - INFO - HTTP Request: GET https://data.sec.gov/submissions/CIK0000070858-submissions-011.json "HTTP/1.1 200 OK"
2026-09-08 05:39:09,856 - httpx - INFO - HTTP Request: GET https://data.sec.gov/submissions/CIK0001047862-submissions-002.json "HTTP/1.1 200 OK"
2026-09-08 05:39:09,908 - httpx - INFO - HTTP Request: GET https://data.sec.gov/submissions/CIK0001101239-submissions-001.json "HTTP/1.1 200 OK"
2026-09-08 05:39:10,029 - httpx - INFO - HTTP Request: GET https://data.sec.gov/submissions/CIK0001109357.json "HTTP/1.1 200 OK"
2026-09-08 05:39:10,040 - src.data.collectors.sec_filings_collector - INFO - [SEC] EXC -> CIK0001109357 'EXELON CORP'
2026-09-08 05:39:10,100 - httpx - INFO - HTTP Request: GET https://data.sec.gov/submissions/CIK0000831259.json "HTTP/1.1 200 OK"
2026-09-08 05:39:10,114 - src.data.collectors.sec_filings_collector - INFO - [SEC] FCX -> CIK0000831259 'FREEPORT-MCMORAN INC'
2026-09-08 05:39:10,291 - httpx - INFO - HTTP Request: GET https://data.sec.gov/submissions/CIK0000070858-submissions-012.json "HTTP/1.1 200 OK"
2026-09-08 05:39:10,316 - httpx - INFO - HTTP Request: GET https://data.sec.gov/submissions/CIK0001101239-submissions-002.json "HTTP/1.1 200 OK"
2026-09-08 05:39:10,550 - httpx - INFO - HTTP Request: GET https://data.sec.gov/submissions/CIK0001754301.json "HTTP/1.1 200 OK"
2026-09-08 05:39:10,553 - httpx - INFO - HTTP Request: GET https://data.sec.gov/submissions/CIK0001109357-submissions-001.json "HTTP/1.1 200 OK"
2026-09-08 05:39:10,556 - src.data.collectors.sec_filings_collector - INFO - [SEC] FOXA -> CIK0001754301 'Fox Corp'
2026-09-08 05:39:10,681 - httpx - INFO - HTTP Request: GET https://data.sec.gov/submissions/CIK0000070858-submissions-013.json "HTTP/1.1 200 OK"
2026-09-08 05:39:10,732 - httpx - INFO - HTTP Request: GET https://data.sec.gov/submissions/CIK0000831259-submissions-001.json "HTTP/1.1 200 OK"
2026-09-08 05:39:10,737 - httpx - INFO - HTTP Request: GET https://data.sec.gov/submissions/CIK0001588489.json "HTTP/1.1 200 OK"
2026-09-08 05:39:10,768 - src.data.collectors.sec_filings_collector - INFO - [SEC] GBTC -> CIK0001588489 'Grayscale Bitcoin Trust ETF'
2026-09-08 05:39:10,957 - httpx - INFO - HTTP Request: GET https://data.sec.gov/submissions/CIK0001109357-submissions-002.json "HTTP/1.1 200 OK"
2026-09-08 05:39:11,016 - httpx - INFO - HTTP Request: GET https://data.sec.gov/submissions/CIK0000070858-submissions-014.json "HTTP/1.1 200 OK"
2026-09-08 05:39:11,154 - httpx - INFO - HTTP Request: GET https://data.sec.gov/submissions/CIK0000040545.json "HTTP/1.1 200 OK"
2026-09-08 05:39:11,165 - src.data.collectors.sec_filings_collector - INFO - [SEC] GE -> CIK0000040545 'GENERAL ELECTRIC CO'
2026-09-08 05:39:11,188 - httpx - INFO - HTTP Request: GET https://data.sec.gov/submissions/CIK0000882095.json "HTTP/1.1 200 OK"
2026-09-08 05:39:11,192 - src.data.collectors.sec_filings_collector - INFO - [SEC] GILD -> CIK0000882095 'GILEAD SCIENCES, INC.'
2026-09-08 05:39:11,267 - httpx - INFO - HTTP Request: GET https://data.sec.gov/submissions/CIK0001109357-submissions-003.json "HTTP/1.1 200 OK"
2026-09-08 05:39:11,548 - httpx - INFO - HTTP Request: GET https://data.sec.gov/submissions/CIK0001222333.json "HTTP/1.1 200 OK"
2026-09-08 05:39:11,555 - httpx - INFO - HTTP Request: GET https://data.sec.gov/submissions/CIK0000070858-submissions-015.json "HTTP/1.1 200 OK"
2026-09-08 05:39:11,563 - src.data.collectors.sec_filings_collector - INFO - [SEC] GLD -> CIK0001222333 'SPDR GOLD TRUST'
2026-09-08 05:39:11,697 - httpx - INFO - HTTP Request: GET https://data.sec.gov/submissions/CIK0001652044.json "HTTP/1.1 200 OK"
2026-09-08 05:39:11,703 - src.data.collectors.sec_filings_collector - INFO - [SEC] GOOGL -> CIK0001652044 'Alphabet Inc.'
2026-09-08 05:39:11,769 - httpx - INFO - HTTP Request: GET https://data.sec.gov/submissions/CIK0000882095-submissions-001.json "HTTP/1.1 200 OK"
2026-09-08 05:39:11,851 - httpx - INFO - HTTP Request: GET https://data.sec.gov/submissions/CIK0000040545-submissions-001.json "HTTP/1.1 200 OK"
2026-09-08 05:39:11,912 - httpx - INFO - HTTP Request: GET https://data.sec.gov/submissions/CIK0000070858-submissions-016.json "HTTP/1.1 200 OK"
2026-09-08 05:39:11,982 - httpx - INFO - HTTP Request: GET https://data.sec.gov/submissions/CIK0000886982.json "HTTP/1.1 200 OK"
2026-09-08 05:39:12,136 - src.data.collectors.sec_filings_collector - INFO - [SEC] GS -> CIK0000886982 'GOLDMAN SACHS GROUP INC'
2026-09-08 05:39:12,460 - httpx - INFO - HTTP Request: GET https://data.sec.gov/submissions/CIK0001652044-submissions-001.json "HTTP/1.1 200 OK"
2026-09-08 05:39:12,462 - httpx - INFO - HTTP Request: GET https://data.sec.gov/submissions/CIK0000040545-submissions-002.json "HTTP/1.1 200 OK"
2026-09-08 05:39:12,540 - httpx - INFO - HTTP Request: GET https://data.sec.gov/submissions/CIK0000882095-submissions-002.json "HTTP/1.1 200 OK"
2026-09-08 05:39:12,856 - httpx - INFO - HTTP Request: GET https://data.sec.gov/submissions/CIK0000070858-submissions-017.json "HTTP/1.1 200 OK"
2026-09-08 05:39:12,913 - httpx - INFO - HTTP Request: GET https://data.sec.gov/submissions/CIK0000051143.json "HTTP/1.1 200 OK"
2026-09-08 05:39:12,914 - httpx - INFO - HTTP Request: GET https://data.sec.gov/submissions/CIK0000773840.json "HTTP/1.1 200 OK"
2026-09-08 05:39:12,919 - src.data.collectors.sec_filings_collector - INFO - [SEC] IBM -> CIK0000051143 'INTERNATIONAL BUSINESS MACHINES CORP'
2026-09-08 05:39:12,936 - src.data.collectors.sec_filings_collector - INFO - [SEC] HON -> CIK0000773840 'HONEYWELL INTERNATIONAL INC'
2026-09-08 05:39:12,967 - httpx - INFO - HTTP Request: GET https://data.sec.gov/submissions/CIK0000354950.json "HTTP/1.1 200 OK"
2026-09-08 05:39:12,969 - src.data.collectors.sec_filings_collector - INFO - [SEC] HD -> CIK0000354950 'HOME DEPOT, INC.'
2026-09-08 05:39:12,996 - httpx - INFO - HTTP Request: GET https://data.sec.gov/submissions/CIK0000886982-submissions-001.json "HTTP/1.1 200 OK"
2026-09-08 05:39:13,200 - httpx - INFO - HTTP Request: GET https://data.sec.gov/submissions/CIK0000051143-submissions-001.json "HTTP/1.1 200 OK"
2026-09-08 05:39:13,307 - httpx - INFO - HTTP Request: GET https://data.sec.gov/submissions/CIK0000354950-submissions-001.json "HTTP/1.1 200 OK"
2026-09-08 05:39:13,500 - httpx - INFO - HTTP Request: GET https://data.sec.gov/submissions/CIK0000051143-submissions-002.json "HTTP/1.1 200 OK"
2026-09-08 05:39:13,566 - httpx - INFO - HTTP Request: GET https://data.sec.gov/submissions/CIK0000354950-submissions-002.json "HTTP/1.1 200 OK"
2026-09-08 05:39:13,766 - httpx - INFO - HTTP Request: GET https://data.sec.gov/submissions/CIK0000051143-submissions-003.json "HTTP/1.1 200 OK"
2026-09-08 05:39:13,840 - httpx - INFO - HTTP Request: GET https://data.sec.gov/submissions/CIK0000070858-submissions-018.json "HTTP/1.1 200 OK"
2026-09-08 05:39:13,917 - httpx - INFO - HTTP Request: GET https://data.sec.gov/submissions/CIK0000050863.json "HTTP/1.1 200 OK"
2026-09-08 05:39:13,922 - src.data.collectors.sec_filings_collector - INFO - [SEC] INTC -> CIK0000050863 'INTEL CORP'
2026-09-08 05:39:14,049 - httpx - INFO - HTTP Request: GET https://data.sec.gov/submissions/CIK0000773840-submissions-001.json "HTTP/1.1 200 OK"
2026-09-08 05:39:14,059 - httpx - INFO - HTTP Request: GET https://data.sec.gov/submissions/CIK0000886982-submissions-002.json "HTTP/1.1 200 OK"
2026-09-08 05:39:14,117 - httpx - INFO - HTTP Request: GET https://data.sec.gov/submissions/CIK0000051143-submissions-004.json "HTTP/1.1 200 OK"
2026-09-08 05:39:14,117 - httpx - INFO - HTTP Request: GET https://data.sec.gov/submissions/CIK0000050863-submissions-001.json "HTTP/1.1 200 OK"
2026-09-08 05:39:14,256 - httpx - INFO - HTTP Request: GET https://data.sec.gov/submissions/CIK0000070858-submissions-019.json "HTTP/1.1 200 OK"
2026-09-08 05:39:14,432 - httpx - INFO - HTTP Request: GET https://data.sec.gov/submissions/CIK0000773840-submissions-002.json "HTTP/1.1 200 OK"
2026-09-08 05:39:14,487 - httpx - INFO - HTTP Request: GET https://data.sec.gov/submissions/CIK0000886982-submissions-003.json "HTTP/1.1 200 OK"
2026-09-08 05:39:14,538 - httpx - INFO - HTTP Request: GET https://data.sec.gov/submissions/CIK0000050863-submissions-002.json "HTTP/1.1 200 OK"
2026-09-08 05:39:14,603 - httpx - INFO - HTTP Request: GET https://data.sec.gov/submissions/CIK0001549802.json "HTTP/1.1 200 OK"
2026-09-08 05:39:14,606 - src.data.collectors.sec_filings_collector - INFO - [SEC] JD -> CIK0001549802 'JD.com, Inc.'
2026-09-08 05:39:14,730 - httpx - INFO - HTTP Request: GET https://data.sec.gov/submissions/CIK0000070858-submissions-020.json "HTTP/1.1 200 OK"
2026-09-08 05:39:14,783 - httpx - INFO - HTTP Request: GET https://data.sec.gov/submissions/CIK0000773840-submissions-003.json "HTTP/1.1 200 OK"
2026-09-08 05:39:14,823 - httpx - INFO - HTTP Request: GET https://data.sec.gov/submissions/CIK0000886982-submissions-004.json "HTTP/1.1 200 OK"
2026-09-08 05:39:14,969 - httpx - INFO - HTTP Request: GET https://data.sec.gov/submissions/CIK0000200406.json "HTTP/1.1 200 OK"
2026-09-08 05:39:14,979 - src.data.collectors.sec_filings_collector - INFO - [SEC] JNJ -> CIK0000200406 'JOHNSON & JOHNSON'
2026-09-08 05:39:15,030 - httpx - INFO - HTTP Request: GET https://data.sec.gov/submissions/CIK0000019617.json "HTTP/1.1 200 OK"
2026-09-08 05:39:15,179 - src.data.collectors.sec_filings_collector - INFO - [SEC] JPM -> CIK0000019617 'JPMORGAN CHASE & CO'
2026-09-08 05:39:15,781 - httpx - INFO - HTTP Request: GET https://data.sec.gov/submissions/CIK0000021344.json "HTTP/1.1 200 OK"
2026-09-08 05:39:15,783 - httpx - INFO - HTTP Request: GET https://data.sec.gov/submissions/CIK0001791706.json "HTTP/1.1 200 OK"
2026-09-08 05:39:15,784 - httpx - INFO - HTTP Request: GET https://data.sec.gov/submissions/CIK0000886982-submissions-005.json "HTTP/1.1 200 OK"
2026-09-08 05:39:15,789 - httpx - INFO - HTTP Request: GET https://data.sec.gov/submissions/CIK0000200406-submissions-001.json "HTTP/1.1 200 OK"
2026-09-08 05:39:15,796 - src.data.collectors.sec_filings_collector - INFO - [SEC] KO -> CIK0000021344 'COCA COLA CO'
2026-09-08 05:39:15,817 - src.data.collectors.sec_filings_collector - INFO - [SEC] LI -> CIK0001791706 'Li Auto Inc.'
2026-09-08 05:39:16,111 - httpx - INFO - HTTP Request: GET https://data.sec.gov/submissions/CIK0000021344-submissions-001.json "HTTP/1.1 200 OK"
2026-09-08 05:39:16,120 - httpx - INFO - HTTP Request: GET https://data.sec.gov/submissions/CIK0000019617-submissions-001.json "HTTP/1.1 200 OK"
2026-09-08 05:39:16,175 - httpx - INFO - HTTP Request: GET https://data.sec.gov/submissions/CIK0000886982-submissions-006.json "HTTP/1.1 200 OK"
2026-09-08 05:39:16,559 - httpx - INFO - HTTP Request: GET https://data.sec.gov/submissions/CIK0000021344-submissions-002.json "HTTP/1.1 200 OK"
2026-09-08 05:39:16,569 - httpx - INFO - HTTP Request: GET https://data.sec.gov/submissions/CIK0000019617-submissions-002.json "HTTP/1.1 200 OK"
2026-09-08 05:39:16,571 - httpx - INFO - HTTP Request: GET https://data.sec.gov/submissions/CIK0001707925.json "HTTP/1.1 200 OK"
2026-09-08 05:39:16,624 - src.data.collectors.sec_filings_collector - INFO - [SEC] LIN -> CIK0001707925 'LINDE PLC'
2026-09-08 05:39:16,640 - httpx - INFO - HTTP Request: GET https://data.sec.gov/submissions/CIK0000886982-submissions-007.json "HTTP/1.1 200 OK"
2026-09-08 05:39:16,642 - httpx - INFO - HTTP Request: GET https://data.sec.gov/submissions/CIK0000200406-submissions-002.json "HTTP/1.1 200 OK"
2026-09-08 05:39:16,924 - httpx - INFO - HTTP Request: GET https://data.sec.gov/submissions/CIK0000019617-submissions-003.json "HTTP/1.1 200 OK"
2026-09-08 05:39:16,925 - httpx - INFO - HTTP Request: GET https://data.sec.gov/submissions/CIK0000059478.json "HTTP/1.1 200 OK"
2026-09-08 05:39:16,939 - src.data.collectors.sec_filings_collector - INFO - [SEC] LLY -> CIK0000059478 'ELI LILLY & Co'
2026-09-08 05:39:17,126 - httpx - INFO - HTTP Request: GET https://data.sec.gov/submissions/CIK0000063908.json "HTTP/1.1 200 OK"
2026-09-08 05:39:17,136 - src.data.collectors.sec_filings_collector - INFO - [SEC] MCD -> CIK0000063908 'MCDONALDS CORP'
2026-09-08 05:39:17,156 - httpx - INFO - HTTP Request: GET https://data.sec.gov/submissions/CIK0001507605.json "HTTP/1.1 200 OK"
2026-09-08 05:39:17,163 - src.data.collectors.sec_filings_collector - INFO - [SEC] MARA -> CIK0001507605 'MARA Holdings, Inc.'
2026-09-08 05:39:17,297 - httpx - INFO - HTTP Request: GET https://data.sec.gov/submissions/CIK0000059478-submissions-001.json "HTTP/1.1 200 OK"
2026-09-08 05:39:17,379 - httpx - INFO - HTTP Request: GET https://data.sec.gov/submissions/CIK0001507605-submissions-001.json "HTTP/1.1 200 OK"
2026-09-08 05:39:17,413 - httpx - INFO - HTTP Request: GET https://data.sec.gov/submissions/CIK0000063908-submissions-001.json "HTTP/1.1 200 OK"
2026-09-08 05:39:17,526 - httpx - INFO - HTTP Request: GET https://data.sec.gov/submissions/CIK0000019617-submissions-004.json "HTTP/1.1 200 OK"
2026-09-08 05:39:17,646 - httpx - INFO - HTTP Request: GET https://data.sec.gov/submissions/CIK0000059478-submissions-002.json "HTTP/1.1 200 OK"
2026-09-08 05:39:17,726 - httpx - INFO - HTTP Request: GET https://data.sec.gov/submissions/CIK0000063908-submissions-002.json "HTTP/1.1 200 OK"
2026-09-08 05:39:17,729 - httpx - INFO - HTTP Request: GET https://data.sec.gov/submissions/CIK0000886982-submissions-008.json "HTTP/1.1 200 OK"
2026-09-08 05:39:17,958 - httpx - INFO - HTTP Request: GET https://data.sec.gov/submissions/CIK0001326801.json "HTTP/1.1 200 OK"
2026-09-08 05:39:17,973 - src.data.collectors.sec_filings_collector - INFO - [SEC] META -> CIK0001326801 'Meta Platforms, Inc.'
2026-09-08 05:39:18,206 - httpx - INFO - HTTP Request: GET https://data.sec.gov/submissions/CIK0000019617-submissions-005.json "HTTP/1.1 200 OK"
2026-09-08 05:39:18,508 - httpx - INFO - HTTP Request: GET https://data.sec.gov/submissions/CIK0000066740.json "HTTP/1.1 200 OK"
2026-09-08 05:39:18,536 - httpx - INFO - HTTP Request: GET https://data.sec.gov/submissions/CIK0000886982-submissions-009.json "HTTP/1.1 200 OK"
2026-09-08 05:39:18,576 - src.data.collectors.sec_filings_collector - INFO - [SEC] MMM -> CIK0000066740 '3M CO'
2026-09-08 05:39:18,805 - httpx - INFO - HTTP Request: GET https://data.sec.gov/submissions/CIK0000310158.json "HTTP/1.1 200 OK"
2026-09-08 05:39:18,846 - src.data.collectors.sec_filings_collector - INFO - [SEC] MRK -> CIK0000310158 'Merck & Co., Inc.'
2026-09-08 05:39:18,880 - httpx - INFO - HTTP Request: GET https://data.sec.gov/submissions/CIK0000019617-submissions-006.json "HTTP/1.1 200 OK"
2026-09-08 05:39:18,880 - httpx - INFO - HTTP Request: GET https://data.sec.gov/submissions/CIK0001326801-submissions-001.json "HTTP/1.1 200 OK"
2026-09-08 05:39:19,036 - httpx - INFO - HTTP Request: GET https://data.sec.gov/submissions/CIK0000066740-submissions-001.json "HTTP/1.1 200 OK"
2026-09-08 05:39:19,097 - httpx - INFO - HTTP Request: GET https://data.sec.gov/submissions/CIK0000886982-submissions-010.json "HTTP/1.1 200 OK"
2026-09-08 05:39:19,206 - httpx - INFO - HTTP Request: GET https://data.sec.gov/submissions/CIK0000310158-submissions-001.json "HTTP/1.1 200 OK"
2026-09-08 05:39:19,456 - httpx - INFO - HTTP Request: GET https://data.sec.gov/submissions/CIK0000066740-submissions-002.json "HTTP/1.1 200 OK"
2026-09-08 05:39:19,456 - httpx - INFO - HTTP Request: GET https://data.sec.gov/submissions/CIK0000019617-submissions-007.json "HTTP/1.1 200 OK"
2026-09-08 05:39:19,536 - httpx - INFO - HTTP Request: GET https://data.sec.gov/submissions/CIK0001326801-submissions-002.json "HTTP/1.1 200 OK"
2026-09-08 05:39:19,541 - httpx - INFO - HTTP Request: GET https://data.sec.gov/submissions/CIK0000886982-submissions-011.json "HTTP/1.1 200 OK"
2026-09-08 05:39:19,622 - httpx - INFO - HTTP Request: GET https://data.sec.gov/submissions/CIK0000789019.json "HTTP/1.1 200 OK"
2026-09-08 05:39:19,628 - src.data.collectors.sec_filings_collector - INFO - [SEC] MSFT -> CIK0000789019 'MICROSOFT CORP'
2026-09-08 05:39:19,810 - httpx - INFO - HTTP Request: GET https://data.sec.gov/submissions/CIK0000019617-submissions-008.json "HTTP/1.1 200 OK"
2026-09-08 05:39:19,867 - httpx - INFO - HTTP Request: GET https://data.sec.gov/submissions/CIK0000753308.json "HTTP/1.1 200 OK"
2026-09-08 05:39:19,874 - src.data.collectors.sec_filings_collector - INFO - [SEC] NEE -> CIK0000753308 'NEXTERA ENERGY INC'
2026-09-08 05:39:19,899 - httpx - INFO - HTTP Request: GET https://data.sec.gov/submissions/CIK0000886982-submissions-012.json "HTTP/1.1 200 OK"
2026-09-08 05:39:19,948 - httpx - INFO - HTTP Request: GET https://data.sec.gov/submissions/CIK0000789019-submissions-001.json "HTTP/1.1 200 OK"
2026-09-08 05:39:20,079 - httpx - INFO - HTTP Request: GET https://data.sec.gov/submissions/CIK0001164727.json "HTTP/1.1 200 OK"
2026-09-08 05:39:20,086 - src.data.collectors.sec_filings_collector - INFO - [SEC] NEM -> CIK0001164727 'NEWMONT Corp /DE/'
2026-09-08 05:39:20,113 - httpx - INFO - HTTP Request: GET https://data.sec.gov/submissions/CIK0000019617-submissions-009.json "HTTP/1.1 200 OK"
2026-09-08 05:39:20,215 - httpx - INFO - HTTP Request: GET https://data.sec.gov/submissions/CIK0000886982-submissions-013.json "HTTP/1.1 200 OK"
2026-09-08 05:39:20,283 - httpx - INFO - HTTP Request: GET https://data.sec.gov/submissions/CIK0000789019-submissions-002.json "HTTP/1.1 200 OK"
2026-09-08 05:39:20,324 - httpx - INFO - HTTP Request: GET https://data.sec.gov/submissions/CIK0000753308-submissions-001.json "HTTP/1.1 200 OK"
2026-09-08 05:39:20,376 - httpx - INFO - HTTP Request: GET https://data.sec.gov/submissions/CIK0001164727-submissions-001.json "HTTP/1.1 200 OK"
2026-09-08 05:39:20,443 - httpx - INFO - HTTP Request: GET https://data.sec.gov/submissions/CIK0000019617-submissions-010.json "HTTP/1.1 200 OK"
2026-09-08 05:39:20,733 - httpx - INFO - HTTP Request: GET https://data.sec.gov/submissions/CIK0000886982-submissions-014.json "HTTP/1.1 200 OK"
2026-09-08 05:39:20,734 - httpx - INFO - HTTP Request: GET https://data.sec.gov/submissions/CIK0001065280.json "HTTP/1.1 200 OK"
2026-09-08 05:39:20,803 - httpx - INFO - HTTP Request: GET https://data.sec.gov/submissions/CIK0001164727-submissions-002.json "HTTP/1.1 200 OK"
2026-09-08 05:39:20,806 - src.data.collectors.sec_filings_collector - INFO - [SEC] NFLX -> CIK0001065280 'NETFLIX INC'
2026-09-08 05:39:20,829 - httpx - INFO - HTTP Request: GET https://data.sec.gov/submissions/CIK0000019617-submissions-011.json "HTTP/1.1 200 OK"
2026-09-08 05:39:20,883 - httpx - INFO - HTTP Request: GET https://data.sec.gov/submissions/CIK0000753308-submissions-002.json "HTTP/1.1 200 OK"
2026-09-08 05:39:21,156 - httpx - INFO - HTTP Request: GET https://data.sec.gov/submissions/CIK0001065280-submissions-001.json "HTTP/1.1 200 OK"
2026-09-08 05:39:21,223 - httpx - INFO - HTTP Request: GET https://data.sec.gov/submissions/CIK0000019617-submissions-012.json "HTTP/1.1 200 OK"
2026-09-08 05:39:21,279 - httpx - INFO - HTTP Request: GET https://data.sec.gov/submissions/CIK0000320187.json "HTTP/1.1 200 OK"
2026-09-08 05:39:21,279 - httpx - INFO - HTTP Request: GET https://data.sec.gov/submissions/CIK0001736541.json "HTTP/1.1 200 OK"
2026-09-08 05:39:21,288 - src.data.collectors.sec_filings_collector - INFO - [SEC] NKE -> CIK0000320187 'NIKE, Inc.'
2026-09-08 05:39:21,310 - src.data.collectors.sec_filings_collector - INFO - [SEC] NIO -> CIK0001736541 'NIO Inc.'
2026-09-08 05:39:21,368 - httpx - INFO - HTTP Request: GET https://data.sec.gov/submissions/CIK0000886982-submissions-015.json "HTTP/1.1 200 OK"
2026-09-08 05:39:21,538 - httpx - INFO - HTTP Request: GET https://data.sec.gov/submissions/CIK0001065280-submissions-002.json "HTTP/1.1 200 OK"
2026-09-08 05:39:21,546 - httpx - INFO - HTTP Request: GET https://data.sec.gov/submissions/CIK0000019617-submissions-013.json "HTTP/1.1 200 OK"
2026-09-08 05:39:21,646 - httpx - INFO - HTTP Request: GET https://data.sec.gov/submissions/CIK0001045810.json "HTTP/1.1 200 OK"
2026-09-08 05:39:21,662 - src.data.collectors.sec_filings_collector - INFO - [SEC] NVDA -> CIK0001045810 'NVIDIA CORP'
2026-09-08 05:39:21,680 - httpx - INFO - HTTP Request: GET https://data.sec.gov/submissions/CIK0000886982-submissions-016.json "HTTP/1.1 200 OK"
2026-09-08 05:39:21,980 - httpx - INFO - HTTP Request: GET https://data.sec.gov/submissions/CIK0001045810-submissions-001.json "HTTP/1.1 200 OK"
2026-09-08 05:39:21,980 - httpx - INFO - HTTP Request: GET https://data.sec.gov/submissions/CIK0000019617-submissions-014.json "HTTP/1.1 200 OK"
2026-09-08 05:39:22,024 - httpx - INFO - HTTP Request: GET https://data.sec.gov/submissions/CIK0000886982-submissions-017.json "HTTP/1.1 200 OK"
2026-09-08 05:39:22,070 - httpx - INFO - HTTP Request: GET https://data.sec.gov/submissions/CIK0001065280-submissions-003.json "HTTP/1.1 200 OK"
2026-09-08 05:39:22,151 - httpx - INFO - HTTP Request: GET https://data.sec.gov/submissions/CIK0000320187-submissions-001.json "HTTP/1.1 200 OK"
2026-09-08 05:39:22,349 - httpx - INFO - HTTP Request: GET https://data.sec.gov/submissions/CIK0001341439.json "HTTP/1.1 200 OK"
2026-09-08 05:39:22,366 - src.data.collectors.sec_filings_collector - INFO - [SEC] ORCL -> CIK0001341439 'ORACLE CORP'
2026-09-08 05:39:22,410 - httpx - INFO - HTTP Request: GET https://data.sec.gov/submissions/CIK0000019617-submissions-015.json "HTTP/1.1 200 OK"
2026-09-08 05:39:22,452 - httpx - INFO - HTTP Request: GET https://data.sec.gov/submissions/CIK0000320187-submissions-002.json "HTTP/1.1 200 OK"
2026-09-08 05:39:22,506 - httpx - INFO - HTTP Request: GET https://data.sec.gov/submissions/CIK0001737806.json "HTTP/1.1 200 OK"
2026-09-08 05:39:22,509 - src.data.collectors.sec_filings_collector - INFO - [SEC] PDD -> CIK0001737806 'PDD Holdings Inc.'
2026-09-08 05:39:22,632 - httpx - INFO - HTTP Request: GET https://data.sec.gov/submissions/CIK0001341439-submissions-001.json "HTTP/1.1 200 OK"
2026-09-08 05:39:22,686 - httpx - INFO - HTTP Request: GET https://data.sec.gov/submissions/CIK0000019617-submissions-016.json "HTTP/1.1 200 OK"
2026-09-08 05:39:22,736 - httpx - INFO - HTTP Request: GET https://data.sec.gov/submissions/CIK0000886982-submissions-018.json "HTTP/1.1 200 OK"
2026-09-08 05:39:22,888 - httpx - INFO - HTTP Request: GET https://data.sec.gov/submissions/CIK0000788784.json "HTTP/1.1 200 OK"
2026-09-08 05:39:22,893 - httpx - INFO - HTTP Request: GET https://data.sec.gov/submissions/CIK0000077476.json "HTTP/1.1 200 OK"
2026-09-08 05:39:22,894 - src.data.collectors.sec_filings_collector - INFO - [SEC] PEG -> CIK0000788784 'PUBLIC SERVICE ENTERPRISE GROUP INC'
2026-09-08 05:39:22,911 - src.data.collectors.sec_filings_collector - INFO - [SEC] PEP -> CIK0000077476 'PEPSICO INC'
2026-09-08 05:39:23,017 - httpx - INFO - HTTP Request: GET https://data.sec.gov/submissions/CIK0000078003.json "HTTP/1.1 200 OK"
2026-09-08 05:39:23,027 - src.data.collectors.sec_filings_collector - INFO - [SEC] PFE -> CIK0000078003 'PFIZER INC'
2026-09-08 05:39:23,041 - httpx - INFO - HTTP Request: GET https://data.sec.gov/submissions/CIK0000886982-submissions-019.json "HTTP/1.1 200 OK"
2026-09-08 05:39:23,209 - httpx - INFO - HTTP Request: GET https://data.sec.gov/submissions/CIK0000019617-submissions-017.json "HTTP/1.1 200 OK"
2026-09-08 05:39:23,222 - httpx - INFO - HTTP Request: GET https://data.sec.gov/submissions/CIK0000788784-submissions-001.json "HTTP/1.1 200 OK"
2026-09-08 05:39:23,304 - httpx - INFO - HTTP Request: GET https://data.sec.gov/submissions/CIK0000078003-submissions-001.json "HTTP/1.1 200 OK"
2026-09-08 05:39:23,756 - httpx - INFO - HTTP Request: GET https://data.sec.gov/submissions/CIK0000019617-submissions-018.json "HTTP/1.1 200 OK"
2026-09-08 05:39:23,758 - httpx - INFO - HTTP Request: GET https://data.sec.gov/submissions/CIK0000080424.json "HTTP/1.1 200 OK"
2026-09-08 05:39:23,815 - src.data.collectors.sec_filings_collector - INFO - [SEC] PG -> CIK0000080424 'PROCTER & GAMBLE Co'
2026-09-08 05:39:23,834 - httpx - INFO - HTTP Request: GET https://data.sec.gov/submissions/CIK0000077476-submissions-001.json "HTTP/1.1 200 OK"
2026-09-08 05:39:23,838 - httpx - INFO - HTTP Request: GET https://data.sec.gov/submissions/CIK0000078003-submissions-002.json "HTTP/1.1 200 OK"
2026-09-08 05:39:23,899 - httpx - INFO - HTTP Request: GET https://data.sec.gov/submissions/CIK0000886982-submissions-020.json "HTTP/1.1 200 OK"
2026-09-08 05:39:24,109 - httpx - INFO - HTTP Request: GET https://data.sec.gov/submissions/CIK0000078003-submissions-003.json "HTTP/1.1 200 OK"
2026-09-08 05:39:24,253 - httpx - INFO - HTTP Request: GET https://data.sec.gov/submissions/CIK0000080424-submissions-001.json "HTTP/1.1 200 OK"
2026-09-08 05:39:24,264 - httpx - INFO - HTTP Request: GET https://data.sec.gov/submissions/CIK0001045609.json "HTTP/1.1 200 OK"
2026-09-08 05:39:24,270 - src.data.collectors.sec_filings_collector - INFO - [SEC] PLD -> CIK0001045609 'Prologis, Inc.'
2026-09-08 05:39:24,361 - httpx - INFO - HTTP Request: GET https://data.sec.gov/submissions/CIK0000019617-submissions-019.json "HTTP/1.1 200 OK"
2026-09-08 05:39:24,433 - httpx - INFO - HTTP Request: GET https://data.sec.gov/submissions/CIK0000886982-submissions-021.json "HTTP/1.1 200 OK"
2026-09-08 05:39:24,512 - httpx - INFO - HTTP Request: GET https://data.sec.gov/submissions/CIK0001393311.json "HTTP/1.1 200 OK"
2026-09-08 05:39:24,523 - src.data.collectors.sec_filings_collector - INFO - [SEC] PSA -> CIK0001393311 'Public Storage'
2026-09-08 05:39:24,546 - httpx - INFO - HTTP Request: GET https://data.sec.gov/submissions/CIK0000080424-submissions-002.json "HTTP/1.1 200 OK"
2026-09-08 05:39:24,658 - httpx - INFO - HTTP Request: GET https://data.sec.gov/submissions/CIK0000019617-submissions-020.json "HTTP/1.1 200 OK"
2026-09-08 05:39:24,716 - httpx - INFO - HTTP Request: GET https://data.sec.gov/submissions/CIK0001045609-submissions-001.json "HTTP/1.1 200 OK"
2026-09-08 05:39:24,748 - httpx - INFO - HTTP Request: GET https://data.sec.gov/submissions/CIK0001393311-submissions-001.json "HTTP/1.1 200 OK"
2026-09-08 05:39:24,780 - httpx - INFO - HTTP Request: GET https://data.sec.gov/submissions/CIK0000886982-submissions-022.json "HTTP/1.1 200 OK"
2026-09-08 05:39:24,996 - httpx - INFO - HTTP Request: GET https://data.sec.gov/submissions/CIK0000080424-submissions-003.json "HTTP/1.1 200 OK"
2026-09-08 05:39:25,098 - httpx - INFO - HTTP Request: GET https://data.sec.gov/submissions/CIK0000019617-submissions-021.json "HTTP/1.1 200 OK"
2026-09-08 05:39:25,110 - httpx - INFO - HTTP Request: GET https://data.sec.gov/submissions/CIK0001633917.json "HTTP/1.1 200 OK"
2026-09-08 05:39:25,136 - httpx - INFO - HTTP Request: GET https://data.sec.gov/submissions/CIK0000886982-submissions-023.json "HTTP/1.1 200 OK"
2026-09-08 05:39:25,138 - src.data.collectors.sec_filings_collector - INFO - [SEC] PYPL -> CIK0001633917 'PayPal Holdings, Inc.'
2026-09-08 05:39:25,326 - httpx - INFO - HTTP Request: GET https://data.sec.gov/submissions/CIK0001067839.json "HTTP/1.1 200 OK"
2026-09-08 05:39:25,344 - src.data.collectors.sec_filings_collector - INFO - [SEC] QQQ -> CIK0001067839 'INVESCO QQQ TRUST, SERIES 1'
2026-09-08 05:39:25,499 - httpx - INFO - HTTP Request: GET https://data.sec.gov/submissions/CIK0001633917-submissions-001.json "HTTP/1.1 200 OK"
2026-09-08 05:39:25,503 - httpx - INFO - HTTP Request: GET https://data.sec.gov/submissions/CIK0000019617-submissions-022.json "HTTP/1.1 200 OK"
2026-09-08 05:39:25,676 - httpx - INFO - HTTP Request: GET https://data.sec.gov/submissions/CIK0001167419.json "HTTP/1.1 200 OK"
2026-09-08 05:39:25,679 - httpx - INFO - HTTP Request: GET https://data.sec.gov/submissions/CIK0000886982-submissions-024.json "HTTP/1.1 200 OK"
2026-09-08 05:39:25,706 - src.data.collectors.sec_filings_collector - INFO - [SEC] RIOT -> CIK0001167419 'Riot Platforms, Inc.'
2026-09-08 05:39:25,862 - httpx - INFO - HTTP Request: GET https://data.sec.gov/submissions/CIK0000019617-submissions-023.json "HTTP/1.1 200 OK"
2026-09-08 05:39:25,933 - httpx - INFO - HTTP Request: GET https://data.sec.gov/submissions/CIK0000101829.json "HTTP/1.1 200 OK"
2026-09-08 05:39:25,948 - src.data.collectors.sec_filings_collector - INFO - [SEC] RTX -> CIK0000101829 'RTX Corp'
2026-09-08 05:39:25,974 - httpx - INFO - HTTP Request: GET https://data.sec.gov/submissions/CIK0000886982-submissions-025.json "HTTP/1.1 200 OK"
2026-09-08 05:39:26,149 - httpx - INFO - HTTP Request: GET https://data.sec.gov/submissions/CIK0000829224.json "HTTP/1.1 200 OK"
2026-09-08 05:39:26,149 - httpx - INFO - HTTP Request: GET https://data.sec.gov/submissions/CIK0001167419-submissions-001.json "HTTP/1.1 200 OK"
2026-09-08 05:39:26,154 - src.data.collectors.sec_filings_collector - INFO - [SEC] SBUX -> CIK0000829224 'STARBUCKS CORP'
2026-09-08 05:39:26,339 - httpx - INFO - HTTP Request: GET https://data.sec.gov/submissions/CIK0000019617-submissions-024.json "HTTP/1.1 200 OK"
2026-09-08 05:39:26,492 - httpx - INFO - HTTP Request: GET https://data.sec.gov/submissions/CIK0000886982-submissions-026.json "HTTP/1.1 200 OK"
2026-09-08 05:39:26,542 - httpx - INFO - HTTP Request: GET https://data.sec.gov/submissions/CIK0000829224-submissions-001.json "HTTP/1.1 200 OK"
2026-09-08 05:39:26,746 - httpx - INFO - HTTP Request: GET https://data.sec.gov/submissions/CIK0001330568.json "HTTP/1.1 200 OK"
2026-09-08 05:39:26,759 - src.data.collectors.sec_filings_collector - INFO - [SEC] SLV -> CIK0001330568 'iShares Silver Trust'
2026-09-08 05:39:26,800 - httpx - INFO - HTTP Request: GET https://data.sec.gov/submissions/CIK0000019617-submissions-025.json "HTTP/1.1 200 OK"
2026-09-08 05:39:26,822 - httpx - INFO - HTTP Request: GET https://data.sec.gov/submissions/CIK0000101829-submissions-001.json "HTTP/1.1 200 OK"
2026-09-08 05:39:26,912 - httpx - INFO - HTTP Request: GET https://data.sec.gov/submissions/CIK0000092122.json "HTTP/1.1 200 OK"
2026-09-08 05:39:26,924 - src.data.collectors.sec_filings_collector - INFO - [SEC] SO -> CIK0000092122 'SOUTHERN CO'
2026-09-08 05:39:27,146 - httpx - INFO - HTTP Request: GET https://data.sec.gov/submissions/CIK0000019617-submissions-026.json "HTTP/1.1 200 OK"
2026-09-08 05:39:27,186 - httpx - INFO - HTTP Request: GET https://data.sec.gov/submissions/CIK0000092122-submissions-001.json "HTTP/1.1 200 OK"
2026-09-08 05:39:27,246 - httpx - INFO - HTTP Request: GET https://data.sec.gov/submissions/CIK0000884394.json "HTTP/1.1 200 OK"
2026-09-08 05:39:27,250 - src.data.collectors.sec_filings_collector - INFO - [SEC] SPY -> CIK0000884394 'SPDR S&P 500 ETF TRUST'
2026-09-08 05:39:27,474 - httpx - INFO - HTTP Request: GET https://data.sec.gov/submissions/CIK0001032208.json "HTTP/1.1 200 OK"
2026-09-08 05:39:27,481 - src.data.collectors.sec_filings_collector - INFO - [SEC] SRE -> CIK0001032208 'SEMPRA'
2026-09-08 05:39:27,496 - httpx - INFO - HTTP Request: GET https://data.sec.gov/submissions/CIK0000019617-submissions-027.json "HTTP/1.1 200 OK"
2026-09-08 05:39:27,649 - httpx - INFO - HTTP Request: GET https://data.sec.gov/submissions/CIK0000732717.json "HTTP/1.1 200 OK"
2026-09-08 05:39:27,654 - src.data.collectors.sec_filings_collector - INFO - [SEC] T -> CIK0000732717 'AT&T INC.'
2026-09-08 05:39:27,809 - httpx - INFO - HTTP Request: GET https://data.sec.gov/submissions/CIK0000092122-submissions-002.json "HTTP/1.1 200 OK"
2026-09-08 05:39:27,846 - httpx - INFO - HTTP Request: GET https://data.sec.gov/submissions/CIK0001032208-submissions-001.json "HTTP/1.1 200 OK"
2026-09-08 05:39:28,196 - httpx - INFO - HTTP Request: GET https://data.sec.gov/submissions/CIK0000732717-submissions-001.json "HTTP/1.1 200 OK"
2026-09-08 05:39:28,226 - httpx - INFO - HTTP Request: GET https://data.sec.gov/submissions/CIK0000092122-submissions-003.json "HTTP/1.1 200 OK"
2026-09-08 05:39:28,229 - httpx - INFO - HTTP Request: GET https://data.sec.gov/submissions/CIK0000886982-submissions-027.json "HTTP/1.1 200 OK"
2026-09-08 05:39:28,320 - httpx - INFO - HTTP Request: GET https://data.sec.gov/submissions/CIK0001032208-submissions-002.json "HTTP/1.1 200 OK"
2026-09-08 05:39:28,331 - httpx - INFO - HTTP Request: GET https://data.sec.gov/submissions/CIK0000019617-submissions-028.json "HTTP/1.1 200 OK"
2026-09-08 05:39:28,719 - httpx - INFO - HTTP Request: GET https://data.sec.gov/submissions/CIK0000732717-submissions-002.json "HTTP/1.1 200 OK"
2026-09-08 05:39:28,724 - httpx - INFO - HTTP Request: GET https://data.sec.gov/submissions/CIK0001283699.json "HTTP/1.1 200 OK"
2026-09-08 05:39:28,729 - httpx - INFO - HTTP Request: GET https://data.sec.gov/submissions/CIK0000886982-submissions-028.json "HTTP/1.1 200 OK"
2026-09-08 05:39:28,766 - src.data.collectors.sec_filings_collector - INFO - [SEC] TMUS -> CIK0001283699 'T-Mobile US, Inc.'
2026-09-08 05:39:28,808 - httpx - INFO - HTTP Request: GET https://data.sec.gov/submissions/CIK0001318605.json "HTTP/1.1 200 OK"
2026-09-08 05:39:28,811 - httpx - INFO - HTTP Request: GET https://data.sec.gov/submissions/CIK0000019617-submissions-029.json "HTTP/1.1 200 OK"
2026-09-08 05:39:28,816 - src.data.collectors.sec_filings_collector - INFO - [SEC] TSLA -> CIK0001318605 'Tesla, Inc.'
2026-09-08 05:39:29,056 - httpx - INFO - HTTP Request: GET https://data.sec.gov/submissions/CIK0000732717-submissions-003.json "HTTP/1.1 200 OK"
2026-09-08 05:39:29,148 - httpx - INFO - HTTP Request: GET https://data.sec.gov/submissions/CIK0001318605-submissions-001.json "HTTP/1.1 200 OK"
2026-09-08 05:39:29,233 - httpx - INFO - HTTP Request: GET https://data.sec.gov/submissions/CIK0000019617-submissions-030.json "HTTP/1.1 200 OK"
2026-09-08 05:39:29,296 - httpx - INFO - HTTP Request: GET https://data.sec.gov/submissions/CIK0001283699-submissions-001.json "HTTP/1.1 200 OK"
2026-09-08 05:39:29,347 - httpx - INFO - HTTP Request: GET https://data.sec.gov/submissions/CIK0000886982-submissions-029.json "HTTP/1.1 200 OK"
2026-09-08 05:39:29,402 - httpx - INFO - HTTP Request: GET https://data.sec.gov/submissions/CIK0000732717-submissions-004.json "HTTP/1.1 200 OK"
2026-09-08 05:39:29,536 - httpx - INFO - HTTP Request: GET https://data.sec.gov/submissions/CIK0001283699-submissions-002.json "HTTP/1.1 200 OK"
2026-09-08 05:39:29,610 - httpx - INFO - HTTP Request: GET https://data.sec.gov/submissions/CIK0001046179.json "HTTP/1.1 200 OK"
2026-09-08 05:39:29,618 - src.data.collectors.sec_filings_collector - INFO - [SEC] TSM -> CIK0001046179 'TAIWAN SEMICONDUCTOR MANUFACTURING CO LTD'
2026-09-08 05:39:29,636 - httpx - INFO - HTTP Request: GET https://data.sec.gov/submissions/CIK0000886982-submissions-030.json "HTTP/1.1 200 OK"
2026-09-08 05:39:29,696 - httpx - INFO - HTTP Request: GET https://data.sec.gov/submissions/CIK0000019617-submissions-031.json "HTTP/1.1 200 OK"
2026-09-08 05:39:29,766 - httpx - INFO - HTTP Request: GET https://data.sec.gov/submissions/CIK0000731766.json "HTTP/1.1 200 OK"
2026-09-08 05:39:29,774 - src.data.collectors.sec_filings_collector - INFO - [SEC] UNH -> CIK0000731766 'UNITEDHEALTH GROUP INC'
2026-09-08 05:39:29,793 - httpx - INFO - HTTP Request: GET https://data.sec.gov/submissions/CIK0001046179-submissions-001.json "HTTP/1.1 200 OK"
2026-09-08 05:39:30,077 - httpx - INFO - HTTP Request: GET https://data.sec.gov/submissions/CIK0000019617-submissions-032.json "HTTP/1.1 200 OK"
2026-09-08 05:39:30,126 - httpx - INFO - HTTP Request: GET https://data.sec.gov/submissions/CIK0001090727.json "HTTP/1.1 200 OK"
2026-09-08 05:39:30,129 - src.data.collectors.sec_filings_collector - INFO - [SEC] UPS -> CIK0001090727 'UNITED PARCEL SERVICE INC'
2026-09-08 05:39:30,198 - httpx - INFO - HTTP Request: GET https://data.sec.gov/submissions/CIK0000886982-submissions-031.json "HTTP/1.1 200 OK"
2026-09-08 05:39:30,313 - httpx - INFO - HTTP Request: GET https://data.sec.gov/submissions/CIK0000740260.json "HTTP/1.1 200 OK"
2026-09-08 05:39:30,318 - src.data.collectors.sec_filings_collector - INFO - [SEC] VTR -> CIK0000740260 'Ventas, Inc.'
2026-09-08 05:39:30,336 - httpx - INFO - HTTP Request: GET https://data.sec.gov/submissions/CIK0000731766-submissions-001.json "HTTP/1.1 200 OK"
2026-09-08 05:39:30,516 - httpx - INFO - HTTP Request: GET https://data.sec.gov/submissions/CIK0001090727-submissions-001.json "HTTP/1.1 200 OK"
2026-09-08 05:39:30,556 - httpx - INFO - HTTP Request: GET https://data.sec.gov/submissions/CIK0000019617-submissions-033.json "HTTP/1.1 200 OK"
2026-09-08 05:39:30,818 - httpx - INFO - HTTP Request: GET https://data.sec.gov/submissions/CIK0000731766-submissions-002.json "HTTP/1.1 200 OK"
2026-09-08 05:39:30,833 - httpx - INFO - HTTP Request: GET https://data.sec.gov/submissions/CIK0000886982-submissions-032.json "HTTP/1.1 200 OK"
2026-09-08 05:39:30,896 - httpx - INFO - HTTP Request: GET https://data.sec.gov/submissions/CIK0001090727-submissions-002.json "HTTP/1.1 200 OK"
2026-09-08 05:39:31,016 - httpx - INFO - HTTP Request: GET https://data.sec.gov/submissions/CIK0000740260-submissions-001.json "HTTP/1.1 200 OK"
2026-09-08 05:39:31,233 - httpx - INFO - HTTP Request: GET https://data.sec.gov/submissions/CIK0000732712.json "HTTP/1.1 200 OK"
2026-09-08 05:39:31,241 - src.data.collectors.sec_filings_collector - INFO - [SEC] VZ -> CIK0000732712 'VERIZON COMMUNICATIONS INC'
2026-09-08 05:39:31,276 - httpx - INFO - HTTP Request: GET https://data.sec.gov/submissions/CIK0000886982-submissions-033.json "HTTP/1.1 200 OK"
2026-09-08 05:39:31,386 - httpx - INFO - HTTP Request: GET https://data.sec.gov/submissions/CIK0000740260-submissions-002.json "HTTP/1.1 200 OK"
2026-09-08 05:39:31,491 - httpx - INFO - HTTP Request: GET https://data.sec.gov/submissions/CIK0000766704.json "HTTP/1.1 200 OK"
2026-09-08 05:39:31,506 - src.data.collectors.sec_filings_collector - INFO - [SEC] WELL -> CIK0000766704 'WELLTOWER INC.'
2026-09-08 05:39:31,882 - httpx - INFO - HTTP Request: GET https://data.sec.gov/submissions/CIK0000732712-submissions-001.json "HTTP/1.1 200 OK"
2026-09-08 05:39:31,892 - httpx - INFO - HTTP Request: GET https://data.sec.gov/submissions/CIK0000766704-submissions-001.json "HTTP/1.1 200 OK"
2026-09-08 05:39:31,906 - httpx - INFO - HTTP Request: GET https://data.sec.gov/submissions/CIK0000072971.json "HTTP/1.1 200 OK"
2026-09-08 05:39:31,916 - httpx - INFO - HTTP Request: GET https://data.sec.gov/submissions/CIK0000019617-submissions-034.json "HTTP/1.1 200 OK"
2026-09-08 05:39:32,463 - src.data.collectors.sec_filings_collector - INFO - [SEC] WFC -> CIK0000072971 'WELLS FARGO & COMPANY/MN'
2026-09-08 05:39:32,701 - httpx - INFO - HTTP Request: GET https://data.sec.gov/submissions/CIK0000886982-submissions-034.json "HTTP/1.1 200 OK"
2026-09-08 05:39:32,920 - httpx - INFO - HTTP Request: GET https://data.sec.gov/submissions/CIK0000732712-submissions-002.json "HTTP/1.1 200 OK"
2026-09-08 05:39:33,227 - httpx - INFO - HTTP Request: GET https://data.sec.gov/submissions/CIK0000019617-submissions-035.json "HTTP/1.1 200 OK"
2026-09-08 05:39:33,230 - httpx - INFO - HTTP Request: GET https://data.sec.gov/submissions/CIK0000104169.json "HTTP/1.1 200 OK"
2026-09-08 05:39:33,239 - httpx - INFO - HTTP Request: GET https://data.sec.gov/submissions/CIK0000886982-submissions-035.json "HTTP/1.1 200 OK"
2026-09-08 05:39:33,249 - httpx - INFO - HTTP Request: GET https://data.sec.gov/submissions/CIK0000072971-submissions-001.json "HTTP/1.1 200 OK"
2026-09-08 05:39:33,429 - src.data.collectors.sec_filings_collector - INFO - [SEC] WMT -> CIK0000104169 'Walmart Inc.'
2026-09-08 05:39:33,656 - httpx - INFO - HTTP Request: GET https://data.sec.gov/submissions/CIK0000732712-submissions-003.json "HTTP/1.1 200 OK"
2026-09-08 05:39:33,870 - httpx - INFO - HTTP Request: GET https://data.sec.gov/submissions/CIK0000019617-submissions-036.json "HTTP/1.1 200 OK"
2026-09-08 05:39:33,878 - httpx - INFO - HTTP Request: GET https://data.sec.gov/submissions/CIK0000104169-submissions-001.json "HTTP/1.1 200 OK"
2026-09-08 05:39:33,986 - httpx - INFO - HTTP Request: GET https://data.sec.gov/submissions/CIK0000072971-submissions-002.json "HTTP/1.1 200 OK"
2026-09-08 05:39:33,998 - httpx - INFO - HTTP Request: GET https://data.sec.gov/submissions/CIK0000886982-submissions-036.json "HTTP/1.1 200 OK"
2026-09-08 05:39:34,088 - httpx - INFO - HTTP Request: GET https://data.sec.gov/submissions/CIK0000732712-submissions-004.json "HTTP/1.1 200 OK"
2026-09-08 05:39:34,216 - httpx - INFO - HTTP Request: GET https://data.sec.gov/submissions/CIK0000104169-submissions-002.json "HTTP/1.1 200 OK"
2026-09-08 05:39:34,266 - httpx - INFO - HTTP Request: GET https://data.sec.gov/submissions/CIK0000019617-submissions-037.json "HTTP/1.1 200 OK"
2026-09-08 05:39:34,352 - httpx - INFO - HTTP Request: GET https://data.sec.gov/submissions/CIK0000072971-submissions-003.json "HTTP/1.1 200 OK"
2026-09-08 05:39:34,405 - httpx - INFO - HTTP Request: GET https://data.sec.gov/submissions/CIK0000732712-submissions-005.json "HTTP/1.1 200 OK"
2026-09-08 05:39:34,406 - httpx - INFO - HTTP Request: GET https://data.sec.gov/submissions/CIK0000886982-submissions-037.json "HTTP/1.1 200 OK"
2026-09-08 05:39:34,554 - httpx - INFO - HTTP Request: GET https://data.sec.gov/submissions/CIK0000019617-submissions-038.json "HTTP/1.1 200 OK"
2026-09-08 05:39:34,636 - httpx - INFO - HTTP Request: GET https://data.sec.gov/submissions/CIK0000034088.json "HTTP/1.1 200 OK"
2026-09-08 05:39:34,643 - src.data.collectors.sec_filings_collector - INFO - [SEC] XOM -> CIK0000034088 'EXXON MOBIL CORP'
2026-09-08 05:39:34,702 - httpx - INFO - HTTP Request: GET https://data.sec.gov/submissions/CIK0000072971-submissions-004.json "HTTP/1.1 200 OK"
2026-09-08 05:39:34,814 - httpx - INFO - HTTP Request: GET https://data.sec.gov/submissions/CIK0001810997.json "HTTP/1.1 200 OK"
2026-09-08 05:39:34,816 - httpx - INFO - HTTP Request: GET https://data.sec.gov/submissions/CIK0000886982-submissions-038.json "HTTP/1.1 200 OK"
2026-09-08 05:39:34,847 - src.data.collectors.sec_filings_collector - INFO - [SEC] XPEV -> CIK0001810997 'XPENG INC.'
2026-09-08 05:39:34,896 - httpx - INFO - HTTP Request: GET https://data.sec.gov/submissions/CIK0000019617-submissions-039.json "HTTP/1.1 200 OK"
2026-09-08 05:39:35,031 - httpx - INFO - HTTP Request: GET https://data.sec.gov/submissions/CIK0000072971-submissions-005.json "HTTP/1.1 200 OK"
2026-09-08 05:39:35,100 - httpx - INFO - HTTP Request: GET https://data.sec.gov/submissions/CIK0000034088-submissions-001.json "HTTP/1.1 200 OK"
2026-09-08 05:39:35,172 - httpx - INFO - HTTP Request: GET https://data.sec.gov/submissions/CIK0000019617-submissions-040.json "HTTP/1.1 200 OK"
2026-09-08 05:39:35,300 - httpx - INFO - HTTP Request: GET https://data.sec.gov/submissions/CIK0000072971-submissions-006.json "HTTP/1.1 200 OK"
2026-09-08 05:39:35,433 - httpx - INFO - HTTP Request: GET https://data.sec.gov/submissions/CIK0000019617-submissions-041.json "HTTP/1.1 200 OK"
2026-09-08 05:39:35,484 - httpx - INFO - HTTP Request: GET https://data.sec.gov/submissions/CIK0000034088-submissions-002.json "HTTP/1.1 200 OK"
2026-09-08 05:39:35,597 - httpx - INFO - HTTP Request: GET https://data.sec.gov/submissions/CIK0000072971-submissions-007.json "HTTP/1.1 200 OK"
2026-09-08 05:39:35,888 - httpx - INFO - HTTP Request: GET https://data.sec.gov/submissions/CIK0000072971-submissions-008.json "HTTP/1.1 200 OK"
2026-09-08 05:39:36,350 - httpx - INFO - HTTP Request: GET https://data.sec.gov/submissions/CIK0000019617-submissions-042.json "HTTP/1.1 200 OK"
2026-09-08 05:39:36,653 - httpx - INFO - HTTP Request: GET https://data.sec.gov/submissions/CIK0000019617-submissions-043.json "HTTP/1.1 200 OK"
2026-09-08 05:39:37,076 - httpx - INFO - HTTP Request: GET https://data.sec.gov/submissions/CIK0000019617-submissions-044.json "HTTP/1.1 200 OK"
2026-09-08 05:39:37,466 - httpx - INFO - HTTP Request: GET https://data.sec.gov/submissions/CIK0000019617-submissions-045.json "HTTP/1.1 200 OK"
2026-09-08 05:39:37,835 - httpx - INFO - HTTP Request: GET https://data.sec.gov/submissions/CIK0000019617-submissions-046.json "HTTP/1.1 200 OK"
2026-09-08 05:39:38,126 - httpx - INFO - HTTP Request: GET https://data.sec.gov/submissions/CIK0000019617-submissions-047.json "HTTP/1.1 200 OK"
2026-09-08 05:39:38,417 - httpx - INFO - HTTP Request: GET https://data.sec.gov/submissions/CIK0000019617-submissions-048.json "HTTP/1.1 200 OK"
2026-09-08 05:39:38,816 - httpx - INFO - HTTP Request: GET https://data.sec.gov/submissions/CIK0000019617-submissions-049.json "HTTP/1.1 200 OK"
2026-09-08 05:39:39,328 - httpx - INFO - HTTP Request: GET https://data.sec.gov/submissions/CIK0000019617-submissions-050.json "HTTP/1.1 200 OK"
2026-09-08 05:39:39,733 - httpx - INFO - HTTP Request: GET https://data.sec.gov/submissions/CIK0000019617-submissions-051.json "HTTP/1.1 200 OK"
2026-09-08 05:39:40,050 - httpx - INFO - HTTP Request: GET https://data.sec.gov/submissions/CIK0000019617-submissions-052.json "HTTP/1.1 200 OK"
2026-09-08 05:39:40,356 - httpx - INFO - HTTP Request: GET https://data.sec.gov/submissions/CIK0000019617-submissions-053.json "HTTP/1.1 200 OK"
2026-09-08 05:39:40,616 - httpx - INFO - HTTP Request: GET https://data.sec.gov/submissions/CIK0000019617-submissions-054.json "HTTP/1.1 200 OK"
2026-09-08 05:39:41,138 - httpx - INFO - HTTP Request: GET https://data.sec.gov/submissions/CIK0000019617-submissions-055.json "HTTP/1.1 200 OK"
2026-09-08 05:39:41,432 - httpx - INFO - HTTP Request: GET https://data.sec.gov/submissions/CIK0000019617-submissions-056.json "HTTP/1.1 200 OK"
2026-09-08 05:39:41,747 - httpx - INFO - HTTP Request: GET https://data.sec.gov/submissions/CIK0000019617-submissions-057.json "HTTP/1.1 200 OK"
2026-09-08 05:39:42,501 - httpx - INFO - HTTP Request: GET https://data.sec.gov/submissions/CIK0000019617-submissions-058.json "HTTP/1.1 200 OK"
2026-09-08 05:39:42,906 - httpx - INFO - HTTP Request: GET https://data.sec.gov/submissions/CIK0000019617-submissions-059.json "HTTP/1.1 200 OK"
2026-09-08 05:39:43,417 - httpx - INFO - HTTP Request: GET https://data.sec.gov/submissions/CIK0000019617-submissions-060.json "HTTP/1.1 200 OK"
2026-09-08 05:39:43,710 - httpx - INFO - HTTP Request: GET https://data.sec.gov/submissions/CIK0000019617-submissions-061.json "HTTP/1.1 200 OK"
2026-09-08 05:39:44,137 - httpx - INFO - HTTP Request: GET https://data.sec.gov/submissions/CIK0000019617-submissions-062.json "HTTP/1.1 200 OK"
2026-09-08 05:39:44,438 - httpx - INFO - HTTP Request: GET https://data.sec.gov/submissions/CIK0000019617-submissions-063.json "HTTP/1.1 200 OK"
2026-09-08 05:39:44,720 - httpx - INFO - HTTP Request: GET https://data.sec.gov/submissions/CIK0000019617-submissions-064.json "HTTP/1.1 200 OK"
2026-09-08 05:39:45,064 - httpx - INFO - HTTP Request: GET https://data.sec.gov/submissions/CIK0000019617-submissions-065.json "HTTP/1.1 200 OK"
2026-09-08 05:39:45,503 - httpx - INFO - HTTP Request: GET https://data.sec.gov/submissions/CIK0000019617-submissions-066.json "HTTP/1.1 200 OK"
2026-09-08 05:39:45,778 - httpx - INFO - HTTP Request: GET https://data.sec.gov/submissions/CIK0000019617-submissions-067.json "HTTP/1.1 200 OK"
2026-09-08 05:39:46,168 - httpx - INFO - HTTP Request: GET https://data.sec.gov/submissions/CIK0000019617-submissions-068.json "HTTP/1.1 200 OK"
2026-09-08 05:39:46,486 - httpx - INFO - HTTP Request: GET https://data.sec.gov/submissions/CIK0000019617-submissions-069.json "HTTP/1.1 200 OK"
2026-09-08 05:39:46,826 - httpx - INFO - HTTP Request: GET https://data.sec.gov/submissions/CIK0000019617-submissions-070.json "HTTP/1.1 200 OK"
2026-09-08 05:40:14,826 - src.data.management.data_manager - INFO - Filtered out 143816 duplicate records for table 'sec_filings'.
2026-09-08 05:40:15,419 - src.data.management.data_manager - ERROR - Critical: >10% NaN values in 'sec_filings' (25.00%)
2026-09-08 05:40:16,338 - src.data.management.data_manager - WARNING - Table 'sec_filings': 469113 leading NaN values left unfilled to avoid lookahead
2026-09-08 05:40:16,338 - src.data.management.data_manager - INFO - Applied entity-safe causal forward-fill to 0 NaN values in 'sec_filings' using groups=['ticker'].
2026-09-08 05:40:43,201 - src.data.management.data_manager - INFO - Inserted 469113 records into 'sec_filings'.
2026-09-08 05:40:43,789 - src.data.collectors.sec_filings_collector - INFO - [SEC] Successfully persisted 469113 new filings.
collector fetched 469113 rows
2026-09-08 05:40:44,250 - sec_filings_collector - INFO - Received 469113 records from 'sec_filings'.
2026-09-08 05:40:47,294 - src.data.management.data_manager - INFO - Filtered out 469113 duplicate records for table 'sec_filings'.
2026-09-08 05:40:47,451 - sec_filings_collector - INFO - No new records for 'sec_filings' after filtering.
2026-09-08 05:40:47,451 - sec_filings_collector - INFO - Collection: 1/1 collectors delivered rows.
2026-09-08 05:40:50,383 - src.core.system.connection_registry - INFO - Closed connection: duckdb_D:\trading_project\data\trading_data.duckdb
