scanning 14,390 files from 3
    2,000 / 14,390  kept 781  (39s)
    4,000 / 14,390  kept 1,485  (78s)
    6,000 / 14,390  kept 2,218  (120s)
    8,000 / 14,390  kept 3,016  (230s)
    10,000 / 14,390  kept 3,750  (423s)
    12,000 / 14,390  kept 4,465  (579s)
    14,000 / 14,390  kept 5,216  (739s)
    kept 5,368; dropped 5,134 for history, 3,888 for liquidity

panel: 16,258,882 rows, 2,684 names, 1996-08-26 to 2017-11-10
SEAL for this universe: 2013-08-16 -- the last 20% of its own span.
    The project's 2023-09-01 seal would hold back NOTHING here, since the frame
    ends in 2017. Explorable: 10,527,556 rows; held back: 5,731,326.

written to D:\trading_project\data\wide_universe\kaggle_us_daily.parquet  (134 MB)

==============================================================================

THE QUESTION THIS UNIVERSE EXISTS TO ANSWER (R33)

D:\trading_project\scripts\data\build_wide_universe_from_kaggle.py:138: FutureWarning: The default fill_method='pad' in DataFrame.pct_change is deprecated and will be removed in a future version. Either fill in any non-leading NA values prior to calling pct_change or specify 'fill_method=None' to not fill NA values.
  returns = wide.pct_change().replace([np.inf, -np.inf], np.nan)
    names in the correlation estimate      600
    average pairwise correlation           0.3246
    EFFECTIVE INDEPENDENT BETS             3.07
    ceiling 1/rho_bar                      3.08

    R33 measured the 110-name universe at 0.3104 and 3.16 bets.
    This one: 0.3246 and 3.07 -- 1.0x the independence.

    If that multiple is near one, a wider cross-section buys nothing and the market
    factor eats it, which is the answer R33 would predict. If it is large, the ceiling
    this project has been hitting was the universe and not the features.
